0 verbose cli /Users/abubakeryounis/.nvm/versions/node/v24.1.0/bin/node /Users/abubakeryounis/.nvm/versions/node/v24.1.0/bin/npm
1 info using npm@11.3.0
2 info using node@v24.1.0
3 silly config load:file:/Users/abubakeryounis/.nvm/versions/node/v24.1.0/lib/node_modules/npm/npmrc
4 silly config load:file:/Users/abubakeryounis/Desktop/Projects/omegaterminalupdated/omega-terminal-nextjs/.npmrc
5 silly config load:file:/Users/abubakeryounis/.npmrc
6 silly config load:file:/Users/abubakeryounis/.nvm/versions/node/v24.1.0/etc/npmrc
7 verbose title npm install
8 verbose argv "install" "--cache" "./.npm-cache"
9 verbose logfile logs-max:10 dir:/Users/abubakeryounis/Desktop/Projects/omegaterminalupdated/omega-terminal-nextjs/.npm-cache/_logs/2025-11-01T20_07_53_593Z-
10 verbose logfile /Users/abubakeryounis/Desktop/Projects/omegaterminalupdated/omega-terminal-nextjs/.npm-cache/_logs/2025-11-01T20_07_53_593Z-debug-0.log
11 silly logfile done cleaning log files
12 silly packumentCache heap:4496293888 maxSize:1124073472 maxEntrySize:562036736
13 silly idealTree buildDeps
14 silly fetch manifest ts-node@^10.9.2
15 silly packumentCache full:https://registry.npmjs.org/ts-node cache-miss
16 http fetch GET 200 https://registry.npmjs.org/ts-node 350ms (cache miss)
17 silly packumentCache full:https://registry.npmjs.org/ts-node set size:undefined disposed:false
18 silly fetch manifest @swc/core@>=1.2.50
19 silly packumentCache full:https://registry.npmjs.org/@swc%2fcore cache-miss
20 http fetch GET 200 https://registry.npmjs.org/npm 1072ms
21 http fetch GET 200 https://registry.npmjs.org/@swc%2fcore 316ms (cache miss)
22 silly packumentCache full:https://registry.npmjs.org/@swc%2fcore set size:undefined disposed:false
23 silly fetch manifest @swc/helpers@>=0.5.17
24 silly packumentCache full:https://registry.npmjs.org/@swc%2fhelpers cache-miss
25 http fetch GET 200 https://registry.npmjs.org/@swc%2fhelpers 564ms (cache miss)
26 silly packumentCache full:https://registry.npmjs.org/@swc%2fhelpers set size:undefined disposed:false
27 silly fetch manifest @swc/wasm@>=1.2.50
28 silly packumentCache full:https://registry.npmjs.org/@swc%2fwasm cache-miss
29 http fetch GET 200 https://registry.npmjs.org/@swc%2fwasm 337ms (cache miss)
30 silly packumentCache full:https://registry.npmjs.org/@swc%2fwasm set size:undefined disposed:false
31 silly fetch manifest @types/node@^22.0.0
32 silly packumentCache full:https://registry.npmjs.org/@types%2fnode cache-miss
33 http fetch GET 200 https://registry.npmjs.org/@types%2fnode 164ms (cache miss)
34 silly packumentCache full:https://registry.npmjs.org/@types%2fnode set size:undefined disposed:false
35 silly fetch manifest typescript@^5.0.0
36 silly packumentCache full:https://registry.npmjs.org/typescript cache-miss
37 http fetch GET 200 https://registry.npmjs.org/typescript 183ms (cache miss)
38 silly packumentCache full:https://registry.npmjs.org/typescript set size:undefined disposed:false
39 silly placeDep ROOT ts-node@10.9.2 OK for: omega-terminal-nextjs@2.0.1 want: ^10.9.2
40 silly fetch manifest yn@3.1.1
41 silly packumentCache full:https://registry.npmjs.org/yn cache-miss
42 silly fetch manifest arg@^4.1.0
43 silly packumentCache full:https://registry.npmjs.org/arg cache-miss
44 silly fetch manifest diff@^4.0.1
45 silly packumentCache full:https://registry.npmjs.org/diff cache-miss
46 silly fetch manifest create-require@^1.1.0
47 silly packumentCache full:https://registry.npmjs.org/create-require cache-miss
48 silly fetch manifest @tsconfig/node10@^1.0.7
49 silly packumentCache full:https://registry.npmjs.org/@tsconfig%2fnode10 cache-miss
50 silly fetch manifest @tsconfig/node12@^1.0.7
51 silly packumentCache full:https://registry.npmjs.org/@tsconfig%2fnode12 cache-miss
52 silly fetch manifest @tsconfig/node14@^1.0.0
53 silly packumentCache full:https://registry.npmjs.org/@tsconfig%2fnode14 cache-miss
54 silly fetch manifest @tsconfig/node16@^1.0.2
55 silly packumentCache full:https://registry.npmjs.org/@tsconfig%2fnode16 cache-miss
56 silly fetch manifest v8-compile-cache-lib@^3.0.1
57 silly packumentCache full:https://registry.npmjs.org/v8-compile-cache-lib cache-miss
58 silly fetch manifest @cspotcode/source-map-support@^0.8.0
59 silly packumentCache full:https://registry.npmjs.org/@cspotcode%2fsource-map-support cache-miss
60 http fetch GET 200 https://registry.npmjs.org/arg 75ms (cache miss)
61 silly packumentCache full:https://registry.npmjs.org/arg set size:undefined disposed:false
62 http fetch GET 200 https://registry.npmjs.org/diff 258ms (cache miss)
63 silly packumentCache full:https://registry.npmjs.org/diff set size:undefined disposed:false
64 http fetch GET 200 https://registry.npmjs.org/create-require 279ms (cache miss)
65 silly packumentCache full:https://registry.npmjs.org/create-require set size:undefined disposed:false
66 http fetch GET 200 https://registry.npmjs.org/v8-compile-cache-lib 286ms (cache miss)
67 silly packumentCache full:https://registry.npmjs.org/v8-compile-cache-lib set size:undefined disposed:false
68 http fetch GET 200 https://registry.npmjs.org/@tsconfig%2fnode10 434ms (cache miss)
69 silly packumentCache full:https://registry.npmjs.org/@tsconfig%2fnode10 set size:undefined disposed:false
70 http fetch GET 200 https://registry.npmjs.org/@cspotcode%2fsource-map-support 433ms (cache miss)
71 silly packumentCache full:https://registry.npmjs.org/@cspotcode%2fsource-map-support set size:undefined disposed:false
72 http fetch GET 200 https://registry.npmjs.org/@tsconfig%2fnode16 445ms (cache miss)
73 silly packumentCache full:https://registry.npmjs.org/@tsconfig%2fnode16 set size:undefined disposed:false
74 http fetch GET 200 https://registry.npmjs.org/@tsconfig%2fnode12 459ms (cache miss)
75 silly packumentCache full:https://registry.npmjs.org/@tsconfig%2fnode12 set size:undefined disposed:false
76 http fetch GET 200 https://registry.npmjs.org/@tsconfig%2fnode14 718ms (cache miss)
77 silly packumentCache full:https://registry.npmjs.org/@tsconfig%2fnode14 set size:undefined disposed:false
78 http fetch GET 200 https://registry.npmjs.org/yn 946ms (cache miss)
79 silly packumentCache full:https://registry.npmjs.org/yn set size:undefined disposed:false
80 silly placeDep ROOT @cspotcode/source-map-support@0.8.1 OK for: ts-node@10.9.2 want: ^0.8.0
81 silly placeDep ROOT @tsconfig/node10@1.0.11 OK for: ts-node@10.9.2 want: ^1.0.7
82 silly placeDep ROOT @tsconfig/node12@1.0.11 OK for: ts-node@10.9.2 want: ^1.0.7
83 silly placeDep ROOT @tsconfig/node14@1.0.3 OK for: ts-node@10.9.2 want: ^1.0.0
84 silly placeDep ROOT @tsconfig/node16@1.0.4 OK for: ts-node@10.9.2 want: ^1.0.2
85 silly placeDep ROOT arg@4.1.3 OK for: ts-node@10.9.2 want: ^4.1.0
86 silly placeDep ROOT create-require@1.1.1 OK for: ts-node@10.9.2 want: ^1.1.0
87 silly placeDep ROOT diff@4.0.2 OK for: ts-node@10.9.2 want: ^4.0.1
88 silly placeDep ROOT v8-compile-cache-lib@3.0.1 OK for: ts-node@10.9.2 want: ^3.0.1
89 silly placeDep ROOT yn@3.1.1 OK for: ts-node@10.9.2 want: 3.1.1
90 silly fetch manifest @jridgewell/trace-mapping@0.3.9
91 silly packumentCache full:https://registry.npmjs.org/@jridgewell%2ftrace-mapping cache-miss
92 http fetch GET 200 https://registry.npmjs.org/@jridgewell%2ftrace-mapping 105ms (cache miss)
93 silly packumentCache full:https://registry.npmjs.org/@jridgewell%2ftrace-mapping set size:undefined disposed:false
94 silly placeDep node_modules/@cspotcode/source-map-support @jridgewell/trace-mapping@0.3.9 OK for: @cspotcode/source-map-support@0.8.1 want: 0.3.9
95 silly reify moves {}
96 silly audit bulk request {
96 silly audit   '@adobe/css-tools': [ '4.4.4' ],
96 silly audit   '@adraffy/ens-normalize': [ '1.10.1' ],
96 silly audit   '@babel/code-frame': [ '7.27.1' ],
96 silly audit   '@babel/compat-data': [ '7.28.5' ],
96 silly audit   '@babel/core': [ '7.28.5' ],
96 silly audit   json5: [ '2.2.3', '1.0.2' ],
96 silly audit   semver: [ '6.3.1', '7.7.3' ],
96 silly audit   '@babel/generator': [ '7.28.5' ],
96 silly audit   '@babel/helper-compilation-targets': [ '7.27.2' ],
96 silly audit   '@babel/helper-globals': [ '7.28.0' ],
96 silly audit   '@babel/helper-module-imports': [ '7.27.1' ],
96 silly audit   '@babel/helper-module-transforms': [ '7.28.3' ],
96 silly audit   '@babel/helper-plugin-utils': [ '7.27.1' ],
96 silly audit   '@babel/helper-string-parser': [ '7.27.1' ],
96 silly audit   '@babel/helper-validator-identifier': [ '7.28.5' ],
96 silly audit   '@babel/helper-validator-option': [ '7.27.1' ],
96 silly audit   '@babel/helpers': [ '7.28.4' ],
96 silly audit   '@babel/parser': [ '7.28.5' ],
96 silly audit   '@babel/plugin-syntax-async-generators': [ '7.8.4' ],
96 silly audit   '@babel/plugin-syntax-bigint': [ '7.8.3' ],
96 silly audit   '@babel/plugin-syntax-class-properties': [ '7.12.13' ],
96 silly audit   '@babel/plugin-syntax-class-static-block': [ '7.14.5' ],
96 silly audit   '@babel/plugin-syntax-import-attributes': [ '7.27.1' ],
96 silly audit   '@babel/plugin-syntax-import-meta': [ '7.10.4' ],
96 silly audit   '@babel/plugin-syntax-json-strings': [ '7.8.3' ],
96 silly audit   '@babel/plugin-syntax-jsx': [ '7.27.1' ],
96 silly audit   '@babel/plugin-syntax-logical-assignment-operators': [ '7.10.4' ],
96 silly audit   '@babel/plugin-syntax-nullish-coalescing-operator': [ '7.8.3' ],
96 silly audit   '@babel/plugin-syntax-numeric-separator': [ '7.10.4' ],
96 silly audit   '@babel/plugin-syntax-object-rest-spread': [ '7.8.3' ],
96 silly audit   '@babel/plugin-syntax-optional-catch-binding': [ '7.8.3' ],
96 silly audit   '@babel/plugin-syntax-optional-chaining': [ '7.8.3' ],
96 silly audit   '@babel/plugin-syntax-private-property-in-object': [ '7.14.5' ],
96 silly audit   '@babel/plugin-syntax-top-level-await': [ '7.14.5' ],
96 silly audit   '@babel/plugin-syntax-typescript': [ '7.27.1' ],
96 silly audit   '@babel/runtime': [ '7.28.4' ],
96 silly audit   '@babel/template': [ '7.27.2' ],
96 silly audit   '@babel/traverse': [ '7.28.5' ],
96 silly audit   '@babel/types': [ '7.28.5' ],
96 silly audit   '@bcoe/v8-coverage': [ '0.2.3' ],
96 silly audit   '@discoveryjs/json-ext': [ '0.5.7' ],
96 silly audit   '@emnapi/core': [ '1.6.0' ],
96 silly audit   '@emnapi/runtime': [ '1.6.0' ],
96 silly audit   '@emnapi/wasi-threads': [ '1.1.0' ],
96 silly audit   '@eslint-community/eslint-utils': [ '4.9.0' ],
96 silly audit   '@eslint-community/regexpp': [ '4.12.2' ],
96 silly audit   '@eslint/eslintrc': [ '2.1.4' ],
96 silly audit   '@eslint/js': [ '8.57.1' ],
96 silly audit   '@faker-js/faker': [ '8.4.1' ],
96 silly audit   '@humanwhocodes/config-array': [ '0.13.0' ],
96 silly audit   '@humanwhocodes/module-importer': [ '1.0.1' ],
96 silly audit   '@humanwhocodes/object-schema': [ '2.0.3' ],
96 silly audit   '@img/colour': [ '1.0.0' ],
96 silly audit   '@img/sharp-darwin-arm64': [ '0.34.4' ],
96 silly audit   '@img/sharp-darwin-x64': [ '0.34.4' ],
96 silly audit   '@img/sharp-libvips-darwin-arm64': [ '1.2.3' ],
96 silly audit   '@img/sharp-libvips-darwin-x64': [ '1.2.3' ],
96 silly audit   '@img/sharp-libvips-linux-arm': [ '1.2.3' ],
96 silly audit   '@img/sharp-libvips-linux-arm64': [ '1.2.3' ],
96 silly audit   '@img/sharp-libvips-linux-ppc64': [ '1.2.3' ],
96 silly audit   '@img/sharp-libvips-linux-s390x': [ '1.2.3' ],
96 silly audit   '@img/sharp-libvips-linux-x64': [ '1.2.3' ],
96 silly audit   '@img/sharp-libvips-linuxmusl-arm64': [ '1.2.3' ],
96 silly audit   '@img/sharp-libvips-linuxmusl-x64': [ '1.2.3' ],
96 silly audit   '@img/sharp-linux-arm': [ '0.34.4' ],
96 silly audit   '@img/sharp-linux-arm64': [ '0.34.4' ],
96 silly audit   '@img/sharp-linux-ppc64': [ '0.34.4' ],
96 silly audit   '@img/sharp-linux-s390x': [ '0.34.4' ],
96 silly audit   '@img/sharp-linux-x64': [ '0.34.4' ],
96 silly audit   '@img/sharp-linuxmusl-arm64': [ '0.34.4' ],
96 silly audit   '@img/sharp-linuxmusl-x64': [ '0.34.4' ],
96 silly audit   '@img/sharp-wasm32': [ '0.34.4' ],
96 silly audit   '@img/sharp-win32-arm64': [ '0.34.4' ],
96 silly audit   '@img/sharp-win32-ia32': [ '0.34.4' ],
96 silly audit   '@img/sharp-win32-x64': [ '0.34.4' ],
96 silly audit   '@inquirer/ansi': [ '1.0.1' ],
96 silly audit   '@inquirer/confirm': [ '5.1.19' ],
96 silly audit   '@inquirer/core': [ '10.3.0' ],
96 silly audit   'signal-exit': [ '4.1.0', '3.0.7' ],
96 silly audit   '@inquirer/figures': [ '1.0.14' ],
96 silly audit   '@inquirer/type': [ '3.0.9' ],
96 silly audit   '@istanbuljs/load-nyc-config': [ '1.1.0' ],
96 silly audit   argparse: [ '1.0.10', '2.0.1' ],
96 silly audit   'find-up': [ '4.1.0', '5.0.0' ],
96 silly audit   'js-yaml': [ '3.14.1', '4.1.0' ],
96 silly audit   'locate-path': [ '5.0.0', '6.0.0' ],
96 silly audit   'p-limit': [ '2.3.0', '3.1.0' ],
96 silly audit   'p-locate': [ '4.1.0', '5.0.0' ],
96 silly audit   'resolve-from': [ '5.0.0', '4.0.0' ],
96 silly audit   '@istanbuljs/schema': [ '0.1.3' ],
96 silly audit   '@jest/console': [ '29.7.0' ],
96 silly audit   '@jest/core': [ '29.7.0' ],
96 silly audit   'ansi-styles': [ '5.2.0', '4.3.0' ],
96 silly audit   'jest-config': [ '29.7.0' ],
96 silly audit   'pretty-format': [ '29.7.0', '27.5.1' ],
96 silly audit   'react-is': [ '18.3.1', '17.0.2', '16.13.1' ],
96 silly audit   '@jest/environment': [ '29.7.0' ],
96 silly audit   '@jest/expect': [ '29.7.0' ],
96 silly audit   '@jest/expect-utils': [ '29.7.0' ],
96 silly audit   '@jest/fake-timers': [ '29.7.0' ],
96 silly audit   '@jest/globals': [ '29.7.0' ],
96 silly audit   '@jest/reporters': [ '29.7.0' ],
96 silly audit   '@jest/schemas': [ '29.6.3' ],
96 silly audit   '@jest/source-map': [ '29.6.3' ],
96 silly audit   '@jest/test-result': [ '29.7.0' ],
96 silly audit   '@jest/test-sequencer': [ '29.7.0' ],
96 silly audit   '@jest/transform': [ '29.7.0' ],
96 silly audit   '@jest/types': [ '29.6.3' ],
96 silly audit   '@jridgewell/gen-mapping': [ '0.3.13' ],
96 silly audit   '@jridgewell/remapping': [ '2.3.5' ],
96 silly audit   '@jridgewell/resolve-uri': [ '3.1.2' ],
96 silly audit   '@jridgewell/sourcemap-codec': [ '1.5.5' ],
96 silly audit   '@jridgewell/trace-mapping': [ '0.3.31', '0.3.9' ],
96 silly audit   '@mswjs/interceptors': [ '0.40.0' ],
96 silly audit   '@napi-rs/wasm-runtime': [ '0.2.12' ],
96 silly audit   '@near-js/accounts': [ '1.2.2' ],
96 silly audit   borsh: [ '1.0.0', '0.7.0' ],
96 silly audit   '@near-js/crypto': [ '1.3.0' ],
96 silly audit   '@near-js/keystores': [ '0.1.0' ],
96 silly audit   '@near-js/keystores-browser': [ '0.1.0' ],
96 silly audit   '@near-js/keystores-node': [ '0.0.13' ],
96 silly audit   '@near-js/providers': [ '0.2.3' ],
96 silly audit   'node-fetch': [ '2.6.7', '2.7.0' ],
96 silly audit   '@near-js/signers': [ '0.1.5' ],
96 silly audit   '@noble/hashes': [ '1.3.3', '1.3.2', '1.8.0' ],
96 silly audit   '@near-js/transactions': [ '1.2.3' ],
96 silly audit   '@near-js/types': [ '0.2.1' ],
96 silly audit   '@near-js/utils': [ '0.3.0' ],
96 silly audit   'base-x': [ '2.0.6', '3.0.11', '4.0.1' ],
96 silly audit   bs58: [ '4.0.0', '4.0.1', '5.0.0' ],
96 silly audit   '@near-js/wallet-account': [ '1.2.3' ],
96 silly audit   '@next/bundle-analyzer': [ '15.5.6' ],
96 silly audit   '@next/env': [ '15.5.6' ],
96 silly audit   '@next/eslint-plugin-next': [ '15.5.6' ],
96 silly audit   '@next/swc-darwin-arm64': [ '15.5.6' ],
96 silly audit   '@next/swc-darwin-x64': [ '15.5.6' ],
96 silly audit   '@next/swc-linux-arm64-gnu': [ '15.5.6' ],
96 silly audit   '@next/swc-linux-arm64-musl': [ '15.5.6' ],
96 silly audit   '@next/swc-linux-x64-gnu': [ '15.5.6' ],
96 silly audit   '@next/swc-linux-x64-musl': [ '15.5.6' ],
96 silly audit   '@next/swc-win32-arm64-msvc': [ '15.5.6' ],
96 silly audit   '@next/swc-win32-x64-msvc': [ '15.5.6' ],
96 silly audit   '@noble/curves': [ '1.2.0', '1.9.7' ],
96 silly audit   '@nodelib/fs.scandir': [ '2.1.5' ],
96 silly audit   '@nodelib/fs.stat': [ '2.0.5' ],
96 silly audit   '@nodelib/fs.walk': [ '1.2.8' ],
96 silly audit   '@nolyfill/is-core-module': [ '1.0.39' ],
96 silly audit   '@open-draft/deferred-promise': [ '2.2.0' ],
96 silly audit   '@open-draft/logger': [ '0.3.0' ],
96 silly audit   '@open-draft/until': [ '2.1.0' ],
96 silly audit   '@playwright/test': [ '1.56.1' ],
96 silly audit   '@polka/url': [ '1.0.0-next.29' ],
96 silly audit   '@rtsao/scc': [ '1.1.0' ],
96 silly audit   '@rushstack/eslint-patch': [ '1.14.1' ],
96 silly audit   '@sinclair/typebox': [ '0.27.8' ],
96 silly audit   '@sinonjs/commons': [ '3.0.1' ],
96 silly audit   '@sinonjs/fake-timers': [ '10.3.0' ],
96 silly audit   '@solana/buffer-layout': [ '4.0.1' ],
96 silly audit   '@solana/codecs-core': [ '2.3.0' ],
96 silly audit   '@solana/codecs-numbers': [ '2.3.0' ],
96 silly audit   '@solana/errors': [ '2.3.0' ],
96 silly audit   chalk: [ '5.6.2', '4.1.2' ],
96 silly audit   '@solana/web3.js': [ '1.98.4' ],
96 silly audit   '@swc/helpers': [ '0.5.15' ],
96 silly audit   tslib: [ '2.8.1', '2.7.0' ],
96 silly audit   '@testing-library/dom': [ '10.4.1', '9.3.4' ],
96 silly audit   'aria-query': [ '5.3.0', '5.1.3', '5.3.2' ],
96 silly audit   '@testing-library/jest-dom': [ '6.9.1' ],
96 silly audit   'dom-accessibility-api': [ '0.6.3', '0.5.16' ],
96 silly audit   '@testing-library/react': [ '14.3.1' ],
96 silly audit   '@testing-library/user-event': [ '14.6.1' ],
96 silly audit   '@tootallnate/once': [ '2.0.0' ],
96 silly audit   '@tybys/wasm-util': [ '0.10.1' ],
96 silly audit   '@types/aria-query': [ '5.0.4' ],
96 silly audit   '@types/babel__core': [ '7.20.5' ],
96 silly audit   '@types/babel__generator': [ '7.27.0' ],
96 silly audit   '@types/babel__template': [ '7.4.4' ],
96 silly audit   '@types/babel__traverse': [ '7.28.0' ],
96 silly audit   '@types/better-sqlite3': [ '7.6.13' ],
96 silly audit   '@types/connect': [ '3.4.38' ],
96 silly audit   '@types/graceful-fs': [ '4.1.9' ],
96 silly audit   '@types/istanbul-lib-coverage': [ '2.0.6' ],
96 silly audit   '@types/istanbul-lib-report': [ '3.0.3' ],
96 silly audit   '@types/istanbul-reports': [ '3.0.4' ],
96 silly audit   '@types/jest': [ '29.5.14' ],
96 silly audit   '@types/jsdom': [ '20.0.1' ],
96 silly audit   '@types/json-schema': [ '7.0.15' ],
96 silly audit   '@types/json5': [ '0.0.29' ],
96 silly audit   '@types/node': [ '22.18.12', '22.7.5', '12.20.55' ],
96 silly audit   '@types/prop-types': [ '15.7.15' ],
96 silly audit   '@types/react': [ '18.3.26' ],
96 silly audit   '@types/react-dom': [ '18.3.7' ],
96 silly audit   '@types/stack-utils': [ '2.0.3' ],
96 silly audit   '@types/statuses': [ '2.0.6' ],
96 silly audit   '@types/tough-cookie': [ '4.0.5' ],
96 silly audit   '@types/uuid': [ '8.3.4' ],
96 silly audit   '@types/ws': [ '7.4.7', '8.18.1' ],
96 silly audit   '@types/yargs': [ '17.0.34' ],
96 silly audit   '@types/yargs-parser': [ '21.0.3' ],
96 silly audit   '@typescript-eslint/eslint-plugin': [ '8.46.2' ],
96 silly audit   ignore: [ '7.0.5', '5.3.2' ],
96 silly audit   '@typescript-eslint/parser': [ '8.46.2' ],
96 silly audit   '@typescript-eslint/project-service': [ '8.46.2' ],
96 silly audit   '@typescript-eslint/scope-manager': [ '8.46.2' ],
96 silly audit   '@typescript-eslint/tsconfig-utils': [ '8.46.2' ],
96 silly audit   '@typescript-eslint/type-utils': [ '8.46.2' ],
96 silly audit   '@typescript-eslint/types': [ '8.46.2' ],
96 silly audit   '@typescript-eslint/typescript-estree': [ '8.46.2' ],
96 silly audit   'brace-expansion': [ '2.0.2', '1.1.12' ],
96 silly audit   'fast-glob': [ '3.3.3', '3.3.1' ],
96 silly audit   'glob-parent': [ '5.1.2', '6.0.2' ],
96 silly audit   minimatch: [ '9.0.5', '3.1.2' ],
96 silly audit   '@typescript-eslint/utils': [ '8.46.2' ],
96 silly audit   '@typescript-eslint/visitor-keys': [ '8.46.2' ],
96 silly audit   'eslint-visitor-keys': [ '4.2.1', '3.4.3' ],
96 silly audit   '@ungap/structured-clone': [ '1.3.0' ],
96 silly audit   '@unrs/resolver-binding-android-arm-eabi': [ '1.11.1' ],
96 silly audit   '@unrs/resolver-binding-android-arm64': [ '1.11.1' ],
96 silly audit   '@unrs/resolver-binding-darwin-arm64': [ '1.11.1' ],
96 silly audit   '@unrs/resolver-binding-darwin-x64': [ '1.11.1' ],
96 silly audit   '@unrs/resolver-binding-freebsd-x64': [ '1.11.1' ],
96 silly audit   '@unrs/resolver-binding-linux-arm-gnueabihf': [ '1.11.1' ],
96 silly audit   '@unrs/resolver-binding-linux-arm-musleabihf': [ '1.11.1' ],
96 silly audit   '@unrs/resolver-binding-linux-arm64-gnu': [ '1.11.1' ],
96 silly audit   '@unrs/resolver-binding-linux-arm64-musl': [ '1.11.1' ],
96 silly audit   '@unrs/resolver-binding-linux-ppc64-gnu': [ '1.11.1' ],
96 silly audit   '@unrs/resolver-binding-linux-riscv64-gnu': [ '1.11.1' ],
96 silly audit   '@unrs/resolver-binding-linux-riscv64-musl': [ '1.11.1' ],
96 silly audit   '@unrs/resolver-binding-linux-s390x-gnu': [ '1.11.1' ],
96 silly audit   '@unrs/resolver-binding-linux-x64-gnu': [ '1.11.1' ],
96 silly audit   '@unrs/resolver-binding-linux-x64-musl': [ '1.11.1' ],
96 silly audit   '@unrs/resolver-binding-wasm32-wasi': [ '1.11.1' ],
96 silly audit   '@unrs/resolver-binding-win32-arm64-msvc': [ '1.11.1' ],
96 silly audit   '@unrs/resolver-binding-win32-ia32-msvc': [ '1.11.1' ],
96 silly audit   '@unrs/resolver-binding-win32-x64-msvc': [ '1.11.1' ],
96 silly audit   '@upstash/core-analytics': [ '0.0.10' ],
96 silly audit   '@upstash/ratelimit': [ '2.0.6' ],
96 silly audit   '@upstash/redis': [ '1.35.6' ],
96 silly audit   abab: [ '2.0.6' ],
96 silly audit   acorn: [ '8.15.0' ],
96 silly audit   'acorn-globals': [ '7.0.1' ],
96 silly audit   'acorn-jsx': [ '5.3.2' ],
96 silly audit   'acorn-walk': [ '8.3.4' ],
96 silly audit   'aes-js': [ '4.0.0-beta.5' ],
96 silly audit   'agent-base': [ '6.0.2' ],
96 silly audit   agentkeepalive: [ '4.6.0' ],
96 silly audit   ajv: [ '6.12.6' ],
96 silly audit   'ansi-escapes': [ '4.3.2' ],
96 silly audit   'type-fest': [ '0.21.3', '4.41.0', '0.20.2' ],
96 silly audit   'ansi-regex': [ '5.0.1' ],
96 silly audit   anymatch: [ '3.1.3' ],
96 silly audit   'array-buffer-byte-length': [ '1.0.2' ],
96 silly audit   'array-includes': [ '3.1.9' ],
96 silly audit   'array.prototype.findlast': [ '1.2.5' ],
96 silly audit   'array.prototype.findlastindex': [ '1.2.6' ],
96 silly audit   'array.prototype.flat': [ '1.3.3' ],
96 silly audit   'array.prototype.flatmap': [ '1.3.3' ],
96 silly audit   'array.prototype.tosorted': [ '1.1.4' ],
96 silly audit   'arraybuffer.prototype.slice': [ '1.0.4' ],
96 silly audit   'ast-types-flow': [ '0.0.8' ],
96 silly audit   'async-function': [ '1.0.0' ],
96 silly audit   asynckit: [ '0.4.0' ],
96 silly audit   'available-typed-arrays': [ '1.0.7' ],
96 silly audit   'axe-core': [ '4.11.0' ],
96 silly audit   'axobject-query': [ '4.1.0' ],
96 silly audit   'babel-jest': [ '29.7.0' ],
96 silly audit   'babel-plugin-istanbul': [ '6.1.1' ],
96 silly audit   'istanbul-lib-instrument': [ '5.2.1', '6.0.3' ],
96 silly audit   'babel-plugin-jest-hoist': [ '29.6.3' ],
96 silly audit   'babel-preset-current-node-syntax': [ '1.2.0' ],
96 silly audit   'babel-preset-jest': [ '29.6.3' ],
96 silly audit   'balanced-match': [ '1.0.2' ],
96 silly audit   'base64-js': [ '1.5.1' ],
96 silly audit   'baseline-browser-mapping': [ '2.8.22' ],
96 silly audit   'better-sqlite3': [ '11.10.0' ],
96 silly audit   bindings: [ '1.5.0' ],
96 silly audit   bl: [ '4.1.0' ],
96 silly audit   buffer: [ '5.7.1', '6.0.3' ],
96 silly audit   'bn.js': [ '5.2.2', '4.12.2' ],
96 silly audit   braces: [ '3.0.3' ],
96 silly audit   brorand: [ '1.1.0' ],
96 silly audit   browserslist: [ '4.27.0' ],
96 silly audit   'bs-logger': [ '0.2.6' ],
96 silly audit   bser: [ '2.1.1' ],
96 silly audit   'buffer-from': [ '1.1.2' ],
96 silly audit   bufferutil: [ '4.0.9' ],
96 silly audit   'call-bind': [ '1.0.8' ],
96 silly audit   'call-bind-apply-helpers': [ '1.0.2' ],
96 silly audit   'call-bound': [ '1.0.4' ],
96 silly audit   callsites: [ '3.1.0' ],
96 silly audit   camelcase: [ '5.3.1', '6.3.0' ],
96 silly audit   'caniuse-lite': [ '1.0.30001751' ],
96 silly audit   'char-regex': [ '1.0.2' ],
96 silly audit   chownr: [ '1.1.4' ],
96 silly audit   'ci-info': [ '3.9.0' ],
96 silly audit   'cjs-module-lexer': [ '1.4.3' ],
96 silly audit   'cli-width': [ '4.1.0' ],
96 silly audit   'client-only': [ '0.0.1' ],
96 silly audit   cliui: [ '8.0.1' ],
96 silly audit   'wrap-ansi': [ '7.0.0', '6.2.0' ],
96 silly audit   co: [ '4.6.0' ],
96 silly audit   'collect-v8-coverage': [ '1.0.3' ],
96 silly audit   'color-convert': [ '2.0.1' ],
96 silly audit   'color-name': [ '1.1.4' ],
96 silly audit   'combined-stream': [ '1.0.8' ],
96 silly audit   commander: [ '14.0.2', '2.20.3', '7.2.0' ],
96 silly audit   'concat-map': [ '0.0.1' ],
96 silly audit   'convert-source-map': [ '2.0.0' ],
96 silly audit   cookie: [ '1.0.2' ],
96 silly audit   'create-jest': [ '29.7.0' ],
96 silly audit   'cross-spawn': [ '7.0.6' ],
96 silly audit   'css.escape': [ '1.5.1' ],
96 silly audit   cssom: [ '0.5.0', '0.3.8' ],
96 silly audit   cssstyle: [ '2.3.0' ],
96 silly audit   csstype: [ '3.1.3' ],
96 silly audit   'damerau-levenshtein': [ '1.0.8' ],
96 silly audit   'data-urls': [ '3.0.2' ],
96 silly audit   tr46: [ '3.0.0', '0.0.3' ],
96 silly audit   'webidl-conversions': [ '7.0.0', '3.0.1' ],
96 silly audit   'whatwg-url': [ '11.0.0', '5.0.0' ],
96 silly audit   'data-view-buffer': [ '1.0.2' ],
96 silly audit   'data-view-byte-length': [ '1.0.2' ],
96 silly audit   'data-view-byte-offset': [ '1.0.1' ],
96 silly audit   debounce: [ '1.2.1' ],
96 silly audit   debug: [ '4.4.3', '3.2.7' ],
96 silly audit   'decimal.js': [ '10.6.0' ],
96 silly audit   'decompress-response': [ '6.0.0' ],
96 silly audit   dedent: [ '1.7.0' ],
96 silly audit   'deep-equal': [ '2.2.3' ],
96 silly audit   'deep-extend': [ '0.6.0' ],
96 silly audit   'deep-is': [ '0.1.4' ],
96 silly audit   deepmerge: [ '4.3.1' ],
96 silly audit   'define-data-property': [ '1.1.4' ],
96 silly audit   'define-properties': [ '1.2.1' ],
96 silly audit   delay: [ '5.0.0' ],
96 silly audit   'delayed-stream': [ '1.0.0' ],
96 silly audit   depd: [ '2.0.0', '1.1.2' ],
96 silly audit   dequal: [ '2.0.3' ],
96 silly audit   'detect-libc': [ '2.1.2' ],
96 silly audit   'detect-newline': [ '3.1.0' ],
96 silly audit   'diff-sequences': [ '29.6.3' ],
96 silly audit   doctrine: [ '3.0.0', '2.1.0' ],
96 silly audit   domexception: [ '4.0.0' ],
96 silly audit   'dunder-proto': [ '1.0.1' ],
96 silly audit   duplexer: [ '0.1.2' ],
96 silly audit   'electron-to-chromium': [ '1.5.244' ],
96 silly audit   elliptic: [ '6.6.1' ],
96 silly audit   emittery: [ '0.13.1' ],
96 silly audit   'emoji-regex': [ '9.2.2', '8.0.0' ],
96 silly audit   'end-of-stream': [ '1.4.5' ],
96 silly audit   entities: [ '6.0.1' ],
96 silly audit   'error-ex': [ '1.3.4' ],
96 silly audit   'es-abstract': [ '1.24.0' ],
96 silly audit   'es-define-property': [ '1.0.1' ],
96 silly audit   'es-errors': [ '1.3.0' ],
96 silly audit   'es-get-iterator': [ '1.1.3' ],
96 silly audit   'es-iterator-helpers': [ '1.2.1' ],
96 silly audit   'es-object-atoms': [ '1.1.1' ],
96 silly audit   'es-set-tostringtag': [ '2.1.0' ],
96 silly audit   'es-shim-unscopables': [ '1.1.0' ],
96 silly audit   'es-to-primitive': [ '1.3.0' ],
96 silly audit   'es6-promise': [ '4.2.8' ],
96 silly audit   'es6-promisify': [ '5.0.0' ],
96 silly audit   escalade: [ '3.2.0' ],
96 silly audit   'escape-string-regexp': [ '4.0.0', '2.0.0' ],
96 silly audit   escodegen: [ '2.1.0' ],
96 silly audit   eslint: [ '8.57.1' ],
96 silly audit   'eslint-config-next': [ '15.5.6' ],
96 silly audit   'eslint-import-resolver-node': [ '0.3.9' ],
96 silly audit   'eslint-import-resolver-typescript': [ '3.10.1' ],
96 silly audit   'eslint-module-utils': [ '2.12.1' ],
96 silly audit   'eslint-plugin-import': [ '2.32.0' ],
96 silly audit   'eslint-plugin-jsx-a11y': [ '6.10.2' ],
96 silly audit   'eslint-plugin-react': [ '7.37.5' ],
96 silly audit   'eslint-plugin-react-hooks': [ '5.2.0' ],
96 silly audit   resolve: [ '2.0.0-next.5', '1.22.11' ],
96 silly audit   'eslint-scope': [ '7.2.2' ],
96 silly audit   espree: [ '9.6.1' ],
96 silly audit   esprima: [ '4.0.1' ],
96 silly audit   esquery: [ '1.6.0' ],
96 silly audit   esrecurse: [ '4.3.0' ],
96 silly audit   estraverse: [ '5.3.0' ],
96 silly audit   esutils: [ '2.0.3' ],
96 silly audit   ethers: [ '6.15.0' ],
96 silly audit   'undici-types': [ '6.19.8', '6.21.0' ],
96 silly audit   eventemitter3: [ '5.0.1' ],
96 silly audit   execa: [ '5.1.1' ],
96 silly audit   exit: [ '0.1.2' ],
96 silly audit   'expand-template': [ '2.0.3' ],
96 silly audit   expect: [ '29.7.0' ],
96 silly audit   eyes: [ '0.1.8' ],
96 silly audit   'fast-deep-equal': [ '3.1.3' ],
96 silly audit   'fast-json-stable-stringify': [ '2.1.0' ],
96 silly audit   'fast-levenshtein': [ '2.0.6' ],
96 silly audit   'fast-stable-stringify': [ '1.0.0' ],
96 silly audit   fastq: [ '1.19.1' ],
96 silly audit   'fb-watchman': [ '2.0.2' ],
96 silly audit   'file-entry-cache': [ '6.0.1' ],
96 silly audit   'file-uri-to-path': [ '1.0.0' ],
96 silly audit   'fill-range': [ '7.1.1' ],
96 silly audit   'flat-cache': [ '3.2.0' ],
96 silly audit   flatted: [ '3.3.3' ],
96 silly audit   'for-each': [ '0.3.5' ],
96 silly audit   'form-data': [ '4.0.4' ],
96 silly audit   'fs-constants': [ '1.0.0' ],
96 silly audit   'fs.realpath': [ '1.0.0' ],
96 silly audit   fsevents: [ '2.3.3', '2.3.2' ],
96 silly audit   'function-bind': [ '1.1.2' ],
96 silly audit   'function.prototype.name': [ '1.1.8' ],
96 silly audit   'functions-have-names': [ '1.2.3' ],
96 silly audit   'generate-function': [ '2.3.1' ],
96 silly audit   'generate-object-property': [ '1.2.0' ],
96 silly audit   'generator-function': [ '2.0.1' ],
96 silly audit   gensync: [ '1.0.0-beta.2' ],
96 silly audit   'get-caller-file': [ '2.0.5' ],
96 silly audit   'get-intrinsic': [ '1.3.0' ],
96 silly audit   'get-package-type': [ '0.1.0' ],
96 silly audit   'get-proto': [ '1.0.1' ],
96 silly audit   'get-stream': [ '6.0.1' ],
96 silly audit   'get-symbol-description': [ '1.1.0' ],
96 silly audit   'get-tsconfig': [ '4.13.0' ],
96 silly audit   'github-from-package': [ '0.0.0' ],
96 silly audit   glob: [ '7.2.3' ],
96 silly audit   globals: [ '13.24.0' ],
96 silly audit   globalthis: [ '1.0.4' ],
96 silly audit   gopd: [ '1.2.0' ],
96 silly audit   'graceful-fs': [ '4.2.11' ],
96 silly audit   graphemer: [ '1.4.0' ],
96 silly audit   graphql: [ '16.11.0' ],
96 silly audit   'gzip-size': [ '6.0.0' ],
96 silly audit   handlebars: [ '4.7.8' ],
96 silly audit   'has-bigints': [ '1.1.0' ],
96 silly audit   'has-flag': [ '4.0.0' ],
96 silly audit   'has-property-descriptors': [ '1.0.2' ],
96 silly audit   'has-proto': [ '1.2.0' ],
96 silly audit   'has-symbols': [ '1.1.0' ],
96 silly audit   'has-tostringtag': [ '1.0.2' ],
96 silly audit   'hash.js': [ '1.1.7' ],
96 silly audit   hasown: [ '2.0.2' ],
96 silly audit   'headers-polyfill': [ '4.0.3' ],
96 silly audit   'hmac-drbg': [ '1.0.1' ],
96 silly audit   'html-encoding-sniffer': [ '3.0.0' ],
96 silly audit   'html-escaper': [ '2.0.2' ],
96 silly audit   'http-errors': [ '1.7.2' ],
96 silly audit   inherits: [ '2.0.3', '2.0.4' ],
96 silly audit   'http-proxy-agent': [ '5.0.0' ],
96 silly audit   'https-proxy-agent': [ '5.0.1' ],
96 silly audit   'human-signals': [ '2.1.0' ],
96 silly audit   'humanize-ms': [ '1.2.1' ],
96 silly audit   'iconv-lite': [ '0.6.3' ],
96 silly audit   ieee754: [ '1.2.1' ],
96 silly audit   'import-fresh': [ '3.3.1' ],
96 silly audit   'import-local': [ '3.2.0' ],
96 silly audit   imurmurhash: [ '0.1.4' ],
96 silly audit   'indent-string': [ '4.0.0' ],
96 silly audit   inflight: [ '1.0.6' ],
96 silly audit   ini: [ '1.3.8' ],
96 silly audit   'internal-slot': [ '1.1.0' ],
96 silly audit   'is-arguments': [ '1.2.0' ],
96 silly audit   'is-array-buffer': [ '3.0.5' ],
96 silly audit   'is-arrayish': [ '0.2.1' ],
96 silly audit   'is-async-function': [ '2.1.1' ],
96 silly audit   'is-bigint': [ '1.1.0' ],
96 silly audit   'is-boolean-object': [ '1.2.2' ],
96 silly audit   'is-bun-module': [ '2.0.0' ],
96 silly audit   'is-callable': [ '1.2.7' ],
96 silly audit   'is-core-module': [ '2.16.1' ],
96 silly audit   'is-data-view': [ '1.0.2' ],
96 silly audit   'is-date-object': [ '1.1.0' ],
96 silly audit   'is-extglob': [ '2.1.1' ],
96 silly audit   'is-finalizationregistry': [ '1.1.1' ],
96 silly audit   'is-fullwidth-code-point': [ '3.0.0' ],
96 silly audit   'is-generator-fn': [ '2.1.0' ],
96 silly audit   'is-generator-function': [ '1.1.2' ],
96 silly audit   'is-glob': [ '4.0.3' ],
96 silly audit   'is-map': [ '2.0.3' ],
96 silly audit   'is-my-ip-valid': [ '1.0.1' ],
96 silly audit   'is-my-json-valid': [ '2.20.6' ],
96 silly audit   'is-negative-zero': [ '2.0.3' ],
96 silly audit   'is-node-process': [ '1.2.0' ],
96 silly audit   'is-number': [ '7.0.0' ],
96 silly audit   'is-number-object': [ '1.1.1' ],
96 silly audit   'is-path-inside': [ '3.0.3' ],
96 silly audit   'is-plain-object': [ '5.0.0' ],
96 silly audit   'is-potential-custom-element-name': [ '1.0.1' ],
96 silly audit   'is-property': [ '1.0.2' ],
96 silly audit   'is-regex': [ '1.2.1' ],
96 silly audit   'is-set': [ '2.0.3' ],
96 silly audit   'is-shared-array-buffer': [ '1.0.4' ],
96 silly audit   'is-stream': [ '2.0.1' ],
96 silly audit   'is-string': [ '1.1.1' ],
96 silly audit   'is-symbol': [ '1.1.1' ],
96 silly audit   'is-typed-array': [ '1.1.15' ],
96 silly audit   'is-weakmap': [ '2.0.2' ],
96 silly audit   'is-weakref': [ '1.1.1' ],
96 silly audit   'is-weakset': [ '2.0.4' ],
96 silly audit   isarray: [ '2.0.5' ],
96 silly audit   isexe: [ '2.0.0' ],
96 silly audit   'isomorphic-ws': [ '4.0.1' ],
96 silly audit   'istanbul-lib-coverage': [ '3.2.2' ],
96 silly audit   'istanbul-lib-report': [ '3.0.1' ],
96 silly audit   'istanbul-lib-source-maps': [ '4.0.1' ],
96 silly audit   'istanbul-reports': [ '3.2.0' ],
96 silly audit   'iterator.prototype': [ '1.1.5' ],
96 silly audit   jayson: [ '4.2.0' ],
96 silly audit   ws: [ '7.5.10', '8.17.1' ],
96 silly audit   jest: [ '29.7.0' ],
96 silly audit   'jest-changed-files': [ '29.7.0' ],
96 silly audit   'jest-circus': [ '29.7.0' ],
96 silly audit   'jest-cli': [ '29.7.0' ],
96 silly audit   'jest-diff': [ '29.7.0' ],
96 silly audit   'jest-docblock': [ '29.7.0' ],
96 silly audit   'jest-each': [ '29.7.0' ],
96 silly audit   'jest-environment-jsdom': [ '29.7.0' ],
96 silly audit   'jest-environment-node': [ '29.7.0' ],
96 silly audit   'jest-get-type': [ '29.6.3' ],
96 silly audit   'jest-haste-map': [ '29.7.0' ],
96 silly audit   'jest-leak-detector': [ '29.7.0' ],
96 silly audit   'jest-matcher-utils': [ '29.7.0' ],
96 silly audit   'jest-message-util': [ '29.7.0' ],
96 silly audit   'jest-mock': [ '29.7.0' ],
96 silly audit   'jest-pnp-resolver': [ '1.2.3' ],
96 silly audit   'jest-regex-util': [ '29.6.3' ],
96 silly audit   'jest-resolve': [ '29.7.0' ],
96 silly audit   'jest-resolve-dependencies': [ '29.7.0' ],
96 silly audit   'jest-runner': [ '29.7.0' ],
96 silly audit   'jest-runtime': [ '29.7.0' ],
96 silly audit   'strip-bom': [ '4.0.0', '3.0.0' ],
96 silly audit   'jest-snapshot': [ '29.7.0' ],
96 silly audit   'jest-util': [ '29.7.0' ],
96 silly audit   'jest-validate': [ '29.7.0' ],
96 silly audit   'jest-watcher': [ '29.7.0' ],
96 silly audit   'jest-worker': [ '29.7.0' ],
96 silly audit   'supports-color': [ '8.1.1', '7.2.0' ],
96 silly audit   'js-tokens': [ '4.0.0' ],
96 silly audit   jsdom: [ '20.0.3' ],
96 silly audit   jsesc: [ '3.1.0' ],
96 silly audit   'json-buffer': [ '3.0.1' ],
96 silly audit   'json-parse-even-better-errors': [ '2.3.1' ],
96 silly audit   'json-schema-traverse': [ '0.4.1' ],
96 silly audit   'json-stable-stringify-without-jsonify': [ '1.0.1' ],
96 silly audit   'json-stringify-safe': [ '5.0.1' ],
96 silly audit   jsonpointer: [ '5.0.1' ],
96 silly audit   'jsx-ast-utils': [ '3.3.5' ],
96 silly audit   keyv: [ '4.5.4' ],
96 silly audit   kleur: [ '3.0.3' ],
96 silly audit   'language-subtag-registry': [ '0.3.23' ],
96 silly audit   'language-tags': [ '1.0.9' ],
96 silly audit   leven: [ '3.1.0' ],
96 silly audit   levn: [ '0.4.1' ],
96 silly audit   'lines-and-columns': [ '1.2.4' ],
96 silly audit   'lodash.memoize': [ '4.1.2' ],
96 silly audit   'lodash.merge': [ '4.6.2' ],
96 silly audit   'loose-envify': [ '1.4.0' ],
96 silly audit   lru_map: [ '0.4.1' ],
96 silly audit   'lru-cache': [ '5.1.1' ],
96 silly audit   'lz-string': [ '1.5.0' ],
96 silly audit   'make-dir': [ '4.0.0' ],
96 silly audit   'make-error': [ '1.3.6' ],
96 silly audit   makeerror: [ '1.0.12' ],
96 silly audit   'math-intrinsics': [ '1.1.0' ],
96 silly audit   'merge-stream': [ '2.0.0' ],
96 silly audit   merge2: [ '1.4.1' ],
96 silly audit   micromatch: [ '4.0.8' ],
96 silly audit   'mime-db': [ '1.52.0' ],
96 silly audit   'mime-types': [ '2.1.35' ],
96 silly audit   'mimic-fn': [ '2.1.0' ],
96 silly audit   'mimic-response': [ '3.1.0' ],
96 silly audit   'min-indent': [ '1.0.1' ],
96 silly audit   'minimalistic-assert': [ '1.0.1' ],
96 silly audit   'minimalistic-crypto-utils': [ '1.0.1' ],
96 silly audit   minimist: [ '1.2.8' ],
96 silly audit   'mkdirp-classic': [ '0.5.3' ],
96 silly audit   mrmime: [ '2.0.1' ],
96 silly audit   ms: [ '2.1.3' ],
96 silly audit   msw: [ '2.11.6' ],
96 silly audit   statuses: [ '2.0.2', '1.5.0' ],
96 silly audit   'tough-cookie': [ '6.0.0', '4.1.4' ],
96 silly audit   mustache: [ '4.0.0' ],
96 silly audit   'mute-stream': [ '2.0.0' ],
96 silly audit   nanoid: [ '3.3.11' ],
96 silly audit   'napi-build-utils': [ '2.0.0' ],
96 silly audit   'napi-postinstall': [ '0.3.4' ],
96 silly audit   'natural-compare': [ '1.4.0' ],
96 silly audit   'near-abi': [ '0.1.1' ],
96 silly audit   'near-api-js': [ '4.0.4' ],
96 silly audit   'neo-async': [ '2.6.2' ],
96 silly audit   next: [ '15.5.6' ],
96 silly audit   'node-abi': [ '3.80.0' ],
96 silly audit   'node-addon-api': [ '5.1.0' ],
96 silly audit   'node-gyp-build': [ '4.8.4' ],
96 silly audit   'node-int64': [ '0.4.0' ],
96 silly audit   'node-releases': [ '2.0.27' ],
96 silly audit   'normalize-path': [ '3.0.0' ],
96 silly audit   'npm-run-path': [ '4.0.1' ],
96 silly audit   nwsapi: [ '2.2.22' ],
96 silly audit   'object-assign': [ '4.1.1' ],
96 silly audit   'object-inspect': [ '1.13.4' ],
96 silly audit   'object-is': [ '1.1.6' ],
96 silly audit   'object-keys': [ '1.1.1' ],
96 silly audit   'object.assign': [ '4.1.7' ],
96 silly audit   'object.entries': [ '1.1.9' ],
96 silly audit   'object.fromentries': [ '2.0.8' ],
96 silly audit   'object.groupby': [ '1.0.3' ],
96 silly audit   'object.values': [ '1.2.1' ],
96 silly audit   once: [ '1.4.0' ],
96 silly audit   onetime: [ '5.1.2' ],
96 silly audit   opener: [ '1.5.2' ],
96 silly audit   optionator: [ '0.9.4' ],
96 silly audit   outvariant: [ '1.4.3' ],
96 silly audit   'own-keys': [ '1.0.1' ],
96 silly audit   'p-try': [ '2.2.0' ],
96 silly audit   'parent-module': [ '1.0.1' ],
96 silly audit   'parse-json': [ '5.2.0' ],
96 silly audit   parse5: [ '7.3.0' ],
96 silly audit   'path-exists': [ '4.0.0' ],
96 silly audit   'path-is-absolute': [ '1.0.1' ],
96 silly audit   'path-key': [ '3.1.1' ],
96 silly audit   'path-parse': [ '1.0.7' ],
96 silly audit   'path-to-regexp': [ '6.3.0' ],
96 silly audit   picocolors: [ '1.1.1' ],
96 silly audit   picomatch: [ '2.3.1', '4.0.3' ],
96 silly audit   pirates: [ '4.0.7' ],
96 silly audit   'pkg-dir': [ '4.2.0' ],
96 silly audit   playwright: [ '1.56.1' ],
96 silly audit   'playwright-core': [ '1.56.1' ],
96 silly audit   'possible-typed-array-names': [ '1.1.0' ],
96 silly audit   postcss: [ '8.4.31' ],
96 silly audit   'prebuild-install': [ '7.1.3' ],
96 silly audit   'prelude-ls': [ '1.2.1' ],
96 silly audit   prompts: [ '2.4.2' ],
96 silly audit   'prop-types': [ '15.8.1' ],
96 silly audit   psl: [ '1.15.0' ],
96 silly audit   pump: [ '3.0.3' ],
96 silly audit   punycode: [ '2.3.1' ],
96 silly audit   'pure-rand': [ '6.1.0' ],
96 silly audit   querystringify: [ '2.2.0' ],
96 silly audit   'queue-microtask': [ '1.2.3' ],
96 silly audit   randombytes: [ '2.1.0' ],
96 silly audit   rc: [ '1.2.8' ],
96 silly audit   'strip-json-comments': [ '2.0.1', '3.1.1' ],
96 silly audit   react: [ '18.3.1' ],
96 silly audit   'react-dom': [ '18.3.1' ],
96 silly audit   'readable-stream': [ '3.6.2' ],
96 silly audit   redent: [ '3.0.0' ],
96 silly audit   'reflect.getprototypeof': [ '1.0.10' ],
96 silly audit   'regexp.prototype.flags': [ '1.5.4' ],
96 silly audit   'require-directory': [ '2.1.1' ],
96 silly audit   'requires-port': [ '1.0.0' ],
96 silly audit   'resolve-cwd': [ '3.0.0' ],
96 silly audit   'resolve-pkg-maps': [ '1.0.0' ],
96 silly audit   'resolve.exports': [ '2.0.3' ],
96 silly audit   rettime: [ '0.7.0' ],
96 silly audit   reusify: [ '1.1.0' ],
96 silly audit   rimraf: [ '3.0.2' ],
96 silly audit   'rpc-websockets': [ '9.2.0' ],
96 silly audit   'run-parallel': [ '1.2.0' ],
96 silly audit   'safe-array-concat': [ '1.1.3' ],
96 silly audit   'safe-buffer': [ '5.2.1' ],
96 silly audit   'safe-push-apply': [ '1.0.0' ],
96 silly audit   'safe-regex-test': [ '1.1.0' ],
96 silly audit   'safer-buffer': [ '2.1.2' ],
96 silly audit   saxes: [ '6.0.0' ],
96 silly audit   scheduler: [ '0.23.2' ],
96 silly audit   secp256k1: [ '5.0.0' ],
96 silly audit   'set-function-length': [ '1.2.2' ],
96 silly audit   'set-function-name': [ '2.0.2' ],
96 silly audit   'set-proto': [ '1.0.0' ],
96 silly audit   setprototypeof: [ '1.1.1' ],
96 silly audit   sharp: [ '0.34.4' ],
96 silly audit   'shebang-command': [ '2.0.0' ],
96 silly audit   'shebang-regex': [ '3.0.0' ],
96 silly audit   'side-channel': [ '1.1.0' ],
96 silly audit   'side-channel-list': [ '1.0.0' ],
96 silly audit   'side-channel-map': [ '1.0.1' ],
96 silly audit   'side-channel-weakmap': [ '1.0.2' ],
96 silly audit   'simple-concat': [ '1.0.1' ],
96 silly audit   'simple-get': [ '4.0.1' ],
96 silly audit   sirv: [ '2.0.4' ],
96 silly audit   sisteransi: [ '1.0.5' ],
96 silly audit   slash: [ '3.0.0' ],
96 silly audit   'source-map': [ '0.6.1' ],
96 silly audit   'source-map-js': [ '1.2.1' ],
96 silly audit   'source-map-support': [ '0.5.13' ],
96 silly audit   'sprintf-js': [ '1.0.3' ],
96 silly audit   'stable-hash': [ '0.0.5' ],
96 silly audit   'stack-utils': [ '2.0.6' ],
96 silly audit   'stop-iteration-iterator': [ '1.1.0' ],
96 silly audit   'stream-chain': [ '2.2.5' ],
96 silly audit   'stream-json': [ '1.9.1' ],
96 silly audit   'strict-event-emitter': [ '0.5.1' ],
96 silly audit   string_decoder: [ '1.3.0' ],
96 silly audit   'string-length': [ '4.0.2' ],
96 silly audit   'string-width': [ '4.2.3' ],
96 silly audit   'string.prototype.includes': [ '2.0.1' ],
96 silly audit   'string.prototype.matchall': [ '4.0.12' ],
96 silly audit   'string.prototype.repeat': [ '1.0.0' ],
96 silly audit   'string.prototype.trim': [ '1.2.10' ],
96 silly audit   'string.prototype.trimend': [ '1.0.9' ],
96 silly audit   'string.prototype.trimstart': [ '1.0.8' ],
96 silly audit   'strip-ansi': [ '6.0.1' ],
96 silly audit   'strip-final-newline': [ '2.0.0' ],
96 silly audit   'strip-indent': [ '3.0.0' ],
96 silly audit   'styled-jsx': [ '5.1.6' ],
96 silly audit   superstruct: [ '2.0.2' ],
96 silly audit   'supports-preserve-symlinks-flag': [ '1.0.0' ],
96 silly audit   'symbol-tree': [ '3.2.4' ],
96 silly audit   'tar-fs': [ '2.1.4' ],
96 silly audit   'tar-stream': [ '2.2.0' ],
96 silly audit   'test-exclude': [ '6.0.0' ],
96 silly audit   'text-encoding-utf-8': [ '1.0.2' ],
96 silly audit   'text-table': [ '0.2.0' ],
96 silly audit   tinyglobby: [ '0.2.15' ],
96 silly audit   fdir: [ '6.5.0' ],
96 silly audit   tldts: [ '7.0.17' ],
96 silly audit   'tldts-core': [ '7.0.17' ],
96 silly audit   tmpl: [ '1.0.5' ],
96 silly audit   'to-regex-range': [ '5.0.1' ],
96 silly audit   toidentifier: [ '1.0.0' ],
96 silly audit   totalist: [ '3.0.1' ],
96 silly audit   'ts-api-utils': [ '2.1.0' ],
96 silly audit   'ts-jest': [ '29.4.5' ],
96 silly audit   'tsconfig-paths': [ '3.15.0' ],
96 silly audit   'tunnel-agent': [ '0.6.0' ],
96 silly audit   'type-check': [ '0.4.0' ],
96 silly audit   'type-detect': [ '4.0.8' ],
96 silly audit   'typed-array-buffer': [ '1.0.3' ],
96 silly audit   'typed-array-byte-length': [ '1.0.3' ],
96 silly audit   'typed-array-byte-offset': [ '1.0.4' ],
96 silly audit   'typed-array-length': [ '1.0.7' ],
96 silly audit   typescript: [ '5.9.3' ],
96 silly audit   'uglify-js': [ '3.19.3' ],
96 silly audit   'unbox-primitive': [ '1.1.0' ],
96 silly audit   uncrypto: [ '0.1.3' ],
96 silly audit   universalify: [ '0.2.0' ],
96 silly audit   'unrs-resolver': [ '1.11.1' ],
96 silly audit   'until-async': [ '3.0.2' ],
96 silly audit   'update-browserslist-db': [ '1.1.4' ],
96 silly audit   'uri-js': [ '4.4.1' ],
96 silly audit   'url-parse': [ '1.5.10' ],
96 silly audit   'utf-8-validate': [ '5.0.10' ],
96 silly audit   'util-deprecate': [ '1.0.2' ],
96 silly audit   uuid: [ '8.3.2' ],
96 silly audit   'v8-to-istanbul': [ '9.3.0' ],
96 silly audit   'w3c-xmlserializer': [ '4.0.0' ],
96 silly audit   walker: [ '1.0.8' ],
96 silly audit   'webpack-bundle-analyzer': [ '4.10.1' ],
96 silly audit   'whatwg-encoding': [ '2.0.0' ],
96 silly audit   'whatwg-mimetype': [ '3.0.0' ],
96 silly audit   which: [ '2.0.2' ],
96 silly audit   'which-boxed-primitive': [ '1.1.1' ],
96 silly audit   'which-builtin-type': [ '1.2.1' ],
96 silly audit   'which-collection': [ '1.0.2' ],
96 silly audit   'which-typed-array': [ '1.1.19' ],
96 silly audit   'word-wrap': [ '1.2.5' ],
96 silly audit   wordwrap: [ '1.0.0' ],
96 silly audit   wrappy: [ '1.0.2' ],
96 silly audit   'write-file-atomic': [ '4.0.2' ],
96 silly audit   'xml-name-validator': [ '4.0.0' ],
96 silly audit   xmlchars: [ '2.2.0' ],
96 silly audit   xtend: [ '4.0.2' ],
96 silly audit   y18n: [ '5.0.8' ],
96 silly audit   yallist: [ '3.1.1' ],
96 silly audit   yargs: [ '17.7.2' ],
96 silly audit   'yargs-parser': [ '21.1.1' ],
96 silly audit   'yocto-queue': [ '0.1.0' ],
96 silly audit   'yoctocolors-cjs': [ '2.1.3' ],
96 silly audit   zod: [ '3.25.76' ],
96 silly audit   'ts-node': [ '10.9.2' ],
96 silly audit   '@cspotcode/source-map-support': [ '0.8.1' ],
96 silly audit   '@tsconfig/node10': [ '1.0.11' ],
96 silly audit   '@tsconfig/node12': [ '1.0.11' ],
96 silly audit   '@tsconfig/node14': [ '1.0.3' ],
96 silly audit   '@tsconfig/node16': [ '1.0.4' ],
96 silly audit   arg: [ '4.1.3' ],
96 silly audit   'create-require': [ '1.1.1' ],
96 silly audit   diff: [ '4.0.2' ],
96 silly audit   'v8-compile-cache-lib': [ '3.0.1' ],
96 silly audit   yn: [ '3.1.1' ]
96 silly audit }
97 verbose reify failed optional dependency /Users/abubakeryounis/Desktop/Projects/omegaterminalupdated/omega-terminal-nextjs/node_modules/@unrs/resolver-binding-win32-x64-msvc
98 silly reify mark deleted [
98 silly reify   '/Users/abubakeryounis/Desktop/Projects/omegaterminalupdated/omega-terminal-nextjs/node_modules/@unrs/resolver-binding-win32-x64-msvc'
98 silly reify ]
99 verbose reify failed optional dependency /Users/abubakeryounis/Desktop/Projects/omegaterminalupdated/omega-terminal-nextjs/node_modules/@unrs/resolver-binding-win32-ia32-msvc
100 silly reify mark deleted [
100 silly reify   '/Users/abubakeryounis/Desktop/Projects/omegaterminalupdated/omega-terminal-nextjs/node_modules/@unrs/resolver-binding-win32-ia32-msvc'
100 silly reify ]
101 verbose reify failed optional dependency /Users/abubakeryounis/Desktop/Projects/omegaterminalupdated/omega-terminal-nextjs/node_modules/@unrs/resolver-binding-win32-arm64-msvc
102 silly reify mark deleted [
102 silly reify   '/Users/abubakeryounis/Desktop/Projects/omegaterminalupdated/omega-terminal-nextjs/node_modules/@unrs/resolver-binding-win32-arm64-msvc'
102 silly reify ]
103 verbose reify failed optional dependency /Users/abubakeryounis/Desktop/Projects/omegaterminalupdated/omega-terminal-nextjs/node_modules/@unrs/resolver-binding-wasm32-wasi
104 silly reify mark deleted [
104 silly reify   '/Users/abubakeryounis/Desktop/Projects/omegaterminalupdated/omega-terminal-nextjs/node_modules/@unrs/resolver-binding-wasm32-wasi'
104 silly reify ]
105 verbose reify failed optional dependency /Users/abubakeryounis/Desktop/Projects/omegaterminalupdated/omega-terminal-nextjs/node_modules/@napi-rs/wasm-runtime
106 silly reify mark deleted [
106 silly reify   '/Users/abubakeryounis/Desktop/Projects/omegaterminalupdated/omega-terminal-nextjs/node_modules/@napi-rs/wasm-runtime'
106 silly reify ]
107 verbose reify failed optional dependency /Users/abubakeryounis/Desktop/Projects/omegaterminalupdated/omega-terminal-nextjs/node_modules/@emnapi/core
108 silly reify mark deleted [
108 silly reify   '/Users/abubakeryounis/Desktop/Projects/omegaterminalupdated/omega-terminal-nextjs/node_modules/@emnapi/core'
108 silly reify ]
109 verbose reify failed optional dependency /Users/abubakeryounis/Desktop/Projects/omegaterminalupdated/omega-terminal-nextjs/node_modules/@tybys/wasm-util
110 silly reify mark deleted [
110 silly reify   '/Users/abubakeryounis/Desktop/Projects/omegaterminalupdated/omega-terminal-nextjs/node_modules/@tybys/wasm-util'
110 silly reify ]
111 verbose reify failed optional dependency /Users/abubakeryounis/Desktop/Projects/omegaterminalupdated/omega-terminal-nextjs/node_modules/@emnapi/wasi-threads
112 silly reify mark deleted [
112 silly reify   '/Users/abubakeryounis/Desktop/Projects/omegaterminalupdated/omega-terminal-nextjs/node_modules/@emnapi/wasi-threads'
112 silly reify ]
113 verbose reify failed optional dependency /Users/abubakeryounis/Desktop/Projects/omegaterminalupdated/omega-terminal-nextjs/node_modules/@unrs/resolver-binding-linux-x64-musl
114 silly reify mark deleted [
114 silly reify   '/Users/abubakeryounis/Desktop/Projects/omegaterminalupdated/omega-terminal-nextjs/node_modules/@unrs/resolver-binding-linux-x64-musl'
114 silly reify ]
115 verbose reify failed optional dependency /Users/abubakeryounis/Desktop/Projects/omegaterminalupdated/omega-terminal-nextjs/node_modules/@unrs/resolver-binding-linux-x64-gnu
116 silly reify mark deleted [
116 silly reify   '/Users/abubakeryounis/Desktop/Projects/omegaterminalupdated/omega-terminal-nextjs/node_modules/@unrs/resolver-binding-linux-x64-gnu'
116 silly reify ]
117 verbose reify failed optional dependency /Users/abubakeryounis/Desktop/Projects/omegaterminalupdated/omega-terminal-nextjs/node_modules/@unrs/resolver-binding-linux-s390x-gnu
118 silly reify mark deleted [
118 silly reify   '/Users/abubakeryounis/Desktop/Projects/omegaterminalupdated/omega-terminal-nextjs/node_modules/@unrs/resolver-binding-linux-s390x-gnu'
118 silly reify ]
119 verbose reify failed optional dependency /Users/abubakeryounis/Desktop/Projects/omegaterminalupdated/omega-terminal-nextjs/node_modules/@unrs/resolver-binding-linux-riscv64-musl
120 silly reify mark deleted [
120 silly reify   '/Users/abubakeryounis/Desktop/Projects/omegaterminalupdated/omega-terminal-nextjs/node_modules/@unrs/resolver-binding-linux-riscv64-musl'
120 silly reify ]
121 verbose reify failed optional dependency /Users/abubakeryounis/Desktop/Projects/omegaterminalupdated/omega-terminal-nextjs/node_modules/@unrs/resolver-binding-linux-riscv64-gnu
122 silly reify mark deleted [
122 silly reify   '/Users/abubakeryounis/Desktop/Projects/omegaterminalupdated/omega-terminal-nextjs/node_modules/@unrs/resolver-binding-linux-riscv64-gnu'
122 silly reify ]
123 verbose reify failed optional dependency /Users/abubakeryounis/Desktop/Projects/omegaterminalupdated/omega-terminal-nextjs/node_modules/@unrs/resolver-binding-linux-ppc64-gnu
124 silly reify mark deleted [
124 silly reify   '/Users/abubakeryounis/Desktop/Projects/omegaterminalupdated/omega-terminal-nextjs/node_modules/@unrs/resolver-binding-linux-ppc64-gnu'
124 silly reify ]
125 verbose reify failed optional dependency /Users/abubakeryounis/Desktop/Projects/omegaterminalupdated/omega-terminal-nextjs/node_modules/@unrs/resolver-binding-linux-arm64-musl
126 silly reify mark deleted [
126 silly reify   '/Users/abubakeryounis/Desktop/Projects/omegaterminalupdated/omega-terminal-nextjs/node_modules/@unrs/resolver-binding-linux-arm64-musl'
126 silly reify ]
127 verbose reify failed optional dependency /Users/abubakeryounis/Desktop/Projects/omegaterminalupdated/omega-terminal-nextjs/node_modules/@unrs/resolver-binding-linux-arm64-gnu
128 silly reify mark deleted [
128 silly reify   '/Users/abubakeryounis/Desktop/Projects/omegaterminalupdated/omega-terminal-nextjs/node_modules/@unrs/resolver-binding-linux-arm64-gnu'
128 silly reify ]
129 verbose reify failed optional dependency /Users/abubakeryounis/Desktop/Projects/omegaterminalupdated/omega-terminal-nextjs/node_modules/@unrs/resolver-binding-linux-arm-musleabihf
130 silly reify mark deleted [
130 silly reify   '/Users/abubakeryounis/Desktop/Projects/omegaterminalupdated/omega-terminal-nextjs/node_modules/@unrs/resolver-binding-linux-arm-musleabihf'
130 silly reify ]
131 verbose reify failed optional dependency /Users/abubakeryounis/Desktop/Projects/omegaterminalupdated/omega-terminal-nextjs/node_modules/@unrs/resolver-binding-linux-arm-gnueabihf
132 silly reify mark deleted [
132 silly reify   '/Users/abubakeryounis/Desktop/Projects/omegaterminalupdated/omega-terminal-nextjs/node_modules/@unrs/resolver-binding-linux-arm-gnueabihf'
132 silly reify ]
133 verbose reify failed optional dependency /Users/abubakeryounis/Desktop/Projects/omegaterminalupdated/omega-terminal-nextjs/node_modules/@unrs/resolver-binding-freebsd-x64
134 silly reify mark deleted [
134 silly reify   '/Users/abubakeryounis/Desktop/Projects/omegaterminalupdated/omega-terminal-nextjs/node_modules/@unrs/resolver-binding-freebsd-x64'
134 silly reify ]
135 verbose reify failed optional dependency /Users/abubakeryounis/Desktop/Projects/omegaterminalupdated/omega-terminal-nextjs/node_modules/@unrs/resolver-binding-darwin-arm64
136 silly reify mark deleted [
136 silly reify   '/Users/abubakeryounis/Desktop/Projects/omegaterminalupdated/omega-terminal-nextjs/node_modules/@unrs/resolver-binding-darwin-arm64'
136 silly reify ]
137 verbose reify failed optional dependency /Users/abubakeryounis/Desktop/Projects/omegaterminalupdated/omega-terminal-nextjs/node_modules/@unrs/resolver-binding-android-arm64
138 silly reify mark deleted [
138 silly reify   '/Users/abubakeryounis/Desktop/Projects/omegaterminalupdated/omega-terminal-nextjs/node_modules/@unrs/resolver-binding-android-arm64'
138 silly reify ]
139 verbose reify failed optional dependency /Users/abubakeryounis/Desktop/Projects/omegaterminalupdated/omega-terminal-nextjs/node_modules/@unrs/resolver-binding-android-arm-eabi
140 silly reify mark deleted [
140 silly reify   '/Users/abubakeryounis/Desktop/Projects/omegaterminalupdated/omega-terminal-nextjs/node_modules/@unrs/resolver-binding-android-arm-eabi'
140 silly reify ]
141 verbose reify failed optional dependency /Users/abubakeryounis/Desktop/Projects/omegaterminalupdated/omega-terminal-nextjs/node_modules/@next/swc-win32-x64-msvc
142 silly reify mark deleted [
142 silly reify   '/Users/abubakeryounis/Desktop/Projects/omegaterminalupdated/omega-terminal-nextjs/node_modules/@next/swc-win32-x64-msvc'
142 silly reify ]
143 verbose reify failed optional dependency /Users/abubakeryounis/Desktop/Projects/omegaterminalupdated/omega-terminal-nextjs/node_modules/@next/swc-win32-arm64-msvc
144 silly reify mark deleted [
144 silly reify   '/Users/abubakeryounis/Desktop/Projects/omegaterminalupdated/omega-terminal-nextjs/node_modules/@next/swc-win32-arm64-msvc'
144 silly reify ]
145 verbose reify failed optional dependency /Users/abubakeryounis/Desktop/Projects/omegaterminalupdated/omega-terminal-nextjs/node_modules/@next/swc-linux-x64-musl
146 silly reify mark deleted [
146 silly reify   '/Users/abubakeryounis/Desktop/Projects/omegaterminalupdated/omega-terminal-nextjs/node_modules/@next/swc-linux-x64-musl'
146 silly reify ]
147 verbose reify failed optional dependency /Users/abubakeryounis/Desktop/Projects/omegaterminalupdated/omega-terminal-nextjs/node_modules/@next/swc-linux-x64-gnu
148 silly reify mark deleted [
148 silly reify   '/Users/abubakeryounis/Desktop/Projects/omegaterminalupdated/omega-terminal-nextjs/node_modules/@next/swc-linux-x64-gnu'
148 silly reify ]
149 verbose reify failed optional dependency /Users/abubakeryounis/Desktop/Projects/omegaterminalupdated/omega-terminal-nextjs/node_modules/@next/swc-linux-arm64-musl
150 silly reify mark deleted [
150 silly reify   '/Users/abubakeryounis/Desktop/Projects/omegaterminalupdated/omega-terminal-nextjs/node_modules/@next/swc-linux-arm64-musl'
150 silly reify ]
151 verbose reify failed optional dependency /Users/abubakeryounis/Desktop/Projects/omegaterminalupdated/omega-terminal-nextjs/node_modules/@next/swc-linux-arm64-gnu
152 silly reify mark deleted [
152 silly reify   '/Users/abubakeryounis/Desktop/Projects/omegaterminalupdated/omega-terminal-nextjs/node_modules/@next/swc-linux-arm64-gnu'
152 silly reify ]
153 verbose reify failed optional dependency /Users/abubakeryounis/Desktop/Projects/omegaterminalupdated/omega-terminal-nextjs/node_modules/@next/swc-darwin-arm64
154 silly reify mark deleted [
154 silly reify   '/Users/abubakeryounis/Desktop/Projects/omegaterminalupdated/omega-terminal-nextjs/node_modules/@next/swc-darwin-arm64'
154 silly reify ]
155 verbose reify failed optional dependency /Users/abubakeryounis/Desktop/Projects/omegaterminalupdated/omega-terminal-nextjs/node_modules/@img/sharp-win32-x64
156 silly reify mark deleted [
156 silly reify   '/Users/abubakeryounis/Desktop/Projects/omegaterminalupdated/omega-terminal-nextjs/node_modules/@img/sharp-win32-x64'
156 silly reify ]
157 verbose reify failed optional dependency /Users/abubakeryounis/Desktop/Projects/omegaterminalupdated/omega-terminal-nextjs/node_modules/@img/sharp-win32-ia32
158 silly reify mark deleted [
158 silly reify   '/Users/abubakeryounis/Desktop/Projects/omegaterminalupdated/omega-terminal-nextjs/node_modules/@img/sharp-win32-ia32'
158 silly reify ]
159 verbose reify failed optional dependency /Users/abubakeryounis/Desktop/Projects/omegaterminalupdated/omega-terminal-nextjs/node_modules/@img/sharp-win32-arm64
160 silly reify mark deleted [
160 silly reify   '/Users/abubakeryounis/Desktop/Projects/omegaterminalupdated/omega-terminal-nextjs/node_modules/@img/sharp-win32-arm64'
160 silly reify ]
161 verbose reify failed optional dependency /Users/abubakeryounis/Desktop/Projects/omegaterminalupdated/omega-terminal-nextjs/node_modules/@img/sharp-wasm32
162 silly reify mark deleted [
162 silly reify   '/Users/abubakeryounis/Desktop/Projects/omegaterminalupdated/omega-terminal-nextjs/node_modules/@img/sharp-wasm32'
162 silly reify ]
163 verbose reify failed optional dependency /Users/abubakeryounis/Desktop/Projects/omegaterminalupdated/omega-terminal-nextjs/node_modules/@img/sharp-linuxmusl-x64
164 silly reify mark deleted [
164 silly reify   '/Users/abubakeryounis/Desktop/Projects/omegaterminalupdated/omega-terminal-nextjs/node_modules/@img/sharp-linuxmusl-x64'
164 silly reify ]
165 verbose reify failed optional dependency /Users/abubakeryounis/Desktop/Projects/omegaterminalupdated/omega-terminal-nextjs/node_modules/@img/sharp-linuxmusl-arm64
166 silly reify mark deleted [
166 silly reify   '/Users/abubakeryounis/Desktop/Projects/omegaterminalupdated/omega-terminal-nextjs/node_modules/@img/sharp-linuxmusl-arm64'
166 silly reify ]
167 verbose reify failed optional dependency /Users/abubakeryounis/Desktop/Projects/omegaterminalupdated/omega-terminal-nextjs/node_modules/@img/sharp-linux-x64
168 silly reify mark deleted [
168 silly reify   '/Users/abubakeryounis/Desktop/Projects/omegaterminalupdated/omega-terminal-nextjs/node_modules/@img/sharp-linux-x64'
168 silly reify ]
169 verbose reify failed optional dependency /Users/abubakeryounis/Desktop/Projects/omegaterminalupdated/omega-terminal-nextjs/node_modules/@img/sharp-linux-s390x
170 silly reify mark deleted [
170 silly reify   '/Users/abubakeryounis/Desktop/Projects/omegaterminalupdated/omega-terminal-nextjs/node_modules/@img/sharp-linux-s390x'
170 silly reify ]
171 verbose reify failed optional dependency /Users/abubakeryounis/Desktop/Projects/omegaterminalupdated/omega-terminal-nextjs/node_modules/@img/sharp-linux-ppc64
172 silly reify mark deleted [
172 silly reify   '/Users/abubakeryounis/Desktop/Projects/omegaterminalupdated/omega-terminal-nextjs/node_modules/@img/sharp-linux-ppc64'
172 silly reify ]
173 verbose reify failed optional dependency /Users/abubakeryounis/Desktop/Projects/omegaterminalupdated/omega-terminal-nextjs/node_modules/@img/sharp-linux-arm64
174 silly reify mark deleted [
174 silly reify   '/Users/abubakeryounis/Desktop/Projects/omegaterminalupdated/omega-terminal-nextjs/node_modules/@img/sharp-linux-arm64'
174 silly reify ]
175 verbose reify failed optional dependency /Users/abubakeryounis/Desktop/Projects/omegaterminalupdated/omega-terminal-nextjs/node_modules/@img/sharp-linux-arm
176 silly reify mark deleted [
176 silly reify   '/Users/abubakeryounis/Desktop/Projects/omegaterminalupdated/omega-terminal-nextjs/node_modules/@img/sharp-linux-arm'
176 silly reify ]
177 verbose reify failed optional dependency /Users/abubakeryounis/Desktop/Projects/omegaterminalupdated/omega-terminal-nextjs/node_modules/@img/sharp-libvips-linuxmusl-x64
178 silly reify mark deleted [
178 silly reify   '/Users/abubakeryounis/Desktop/Projects/omegaterminalupdated/omega-terminal-nextjs/node_modules/@img/sharp-libvips-linuxmusl-x64'
178 silly reify ]
179 verbose reify failed optional dependency /Users/abubakeryounis/Desktop/Projects/omegaterminalupdated/omega-terminal-nextjs/node_modules/@img/sharp-libvips-linuxmusl-arm64
180 silly reify mark deleted [
180 silly reify   '/Users/abubakeryounis/Desktop/Projects/omegaterminalupdated/omega-terminal-nextjs/node_modules/@img/sharp-libvips-linuxmusl-arm64'
180 silly reify ]
181 verbose reify failed optional dependency /Users/abubakeryounis/Desktop/Projects/omegaterminalupdated/omega-terminal-nextjs/node_modules/@img/sharp-libvips-linux-x64
182 silly reify mark deleted [
182 silly reify   '/Users/abubakeryounis/Desktop/Projects/omegaterminalupdated/omega-terminal-nextjs/node_modules/@img/sharp-libvips-linux-x64'
182 silly reify ]
183 verbose reify failed optional dependency /Users/abubakeryounis/Desktop/Projects/omegaterminalupdated/omega-terminal-nextjs/node_modules/@img/sharp-libvips-linux-s390x
184 silly reify mark deleted [
184 silly reify   '/Users/abubakeryounis/Desktop/Projects/omegaterminalupdated/omega-terminal-nextjs/node_modules/@img/sharp-libvips-linux-s390x'
184 silly reify ]
185 verbose reify failed optional dependency /Users/abubakeryounis/Desktop/Projects/omegaterminalupdated/omega-terminal-nextjs/node_modules/@img/sharp-libvips-linux-ppc64
186 silly reify mark deleted [
186 silly reify   '/Users/abubakeryounis/Desktop/Projects/omegaterminalupdated/omega-terminal-nextjs/node_modules/@img/sharp-libvips-linux-ppc64'
186 silly reify ]
187 verbose reify failed optional dependency /Users/abubakeryounis/Desktop/Projects/omegaterminalupdated/omega-terminal-nextjs/node_modules/@img/sharp-libvips-linux-arm64
188 silly reify mark deleted [
188 silly reify   '/Users/abubakeryounis/Desktop/Projects/omegaterminalupdated/omega-terminal-nextjs/node_modules/@img/sharp-libvips-linux-arm64'
188 silly reify ]
189 verbose reify failed optional dependency /Users/abubakeryounis/Desktop/Projects/omegaterminalupdated/omega-terminal-nextjs/node_modules/@img/sharp-libvips-linux-arm
190 silly reify mark deleted [
190 silly reify   '/Users/abubakeryounis/Desktop/Projects/omegaterminalupdated/omega-terminal-nextjs/node_modules/@img/sharp-libvips-linux-arm'
190 silly reify ]
191 verbose reify failed optional dependency /Users/abubakeryounis/Desktop/Projects/omegaterminalupdated/omega-terminal-nextjs/node_modules/@img/sharp-libvips-darwin-arm64
192 silly reify mark deleted [
192 silly reify   '/Users/abubakeryounis/Desktop/Projects/omegaterminalupdated/omega-terminal-nextjs/node_modules/@img/sharp-libvips-darwin-arm64'
192 silly reify ]
193 verbose reify failed optional dependency /Users/abubakeryounis/Desktop/Projects/omegaterminalupdated/omega-terminal-nextjs/node_modules/@img/sharp-darwin-arm64
194 silly reify mark deleted [
194 silly reify   '/Users/abubakeryounis/Desktop/Projects/omegaterminalupdated/omega-terminal-nextjs/node_modules/@img/sharp-darwin-arm64'
194 silly reify ]
195 http cache v8-compile-cache-lib@https://registry.npmjs.org/v8-compile-cache-lib/-/v8-compile-cache-lib-3.0.1.tgz 0ms (cache hit)
196 http cache yn@https://registry.npmjs.org/yn/-/yn-3.1.1.tgz 0ms (cache hit)
197 http cache create-require@https://registry.npmjs.org/create-require/-/create-require-1.1.1.tgz 0ms (cache hit)
198 http cache arg@https://registry.npmjs.org/arg/-/arg-4.1.3.tgz 0ms (cache hit)
199 http cache diff@https://registry.npmjs.org/diff/-/diff-4.0.2.tgz 0ms (cache hit)
200 http cache @tsconfig/node14@https://registry.npmjs.org/@tsconfig/node14/-/node14-1.0.3.tgz 0ms (cache hit)
201 http cache @tsconfig/node12@https://registry.npmjs.org/@tsconfig/node12/-/node12-1.0.11.tgz 0ms (cache hit)
202 http cache @tsconfig/node10@https://registry.npmjs.org/@tsconfig/node10/-/node10-1.0.11.tgz 0ms (cache hit)
203 http cache ts-node@https://registry.npmjs.org/ts-node/-/ts-node-10.9.2.tgz 0ms (cache hit)
204 http cache @cspotcode/source-map-support@https://registry.npmjs.org/@cspotcode/source-map-support/-/source-map-support-0.8.1.tgz 0ms (cache hit)
205 http cache fsevents@https://registry.npmjs.org/fsevents/-/fsevents-2.3.3.tgz 0ms (cache hit)
206 http cache @tybys/wasm-util@https://registry.npmjs.org/@tybys/wasm-util/-/wasm-util-0.10.1.tgz 0ms (cache hit)
207 http cache @napi-rs/wasm-runtime@https://registry.npmjs.org/@napi-rs/wasm-runtime/-/wasm-runtime-0.2.12.tgz 0ms (cache hit)
208 http cache @tsconfig/node16@https://registry.npmjs.org/@tsconfig/node16/-/node16-1.0.4.tgz 0ms (cache hit)
209 http cache @emnapi/wasi-threads@https://registry.npmjs.org/@emnapi/wasi-threads/-/wasi-threads-1.1.0.tgz 0ms (cache hit)
210 http cache @emnapi/core@https://registry.npmjs.org/@emnapi/core/-/core-1.6.0.tgz 0ms (cache hit)
211 http cache @jridgewell/trace-mapping@https://registry.npmjs.org/@jridgewell/trace-mapping/-/trace-mapping-0.3.9.tgz 0ms (cache hit)
212 http cache fsevents@https://registry.npmjs.org/fsevents/-/fsevents-2.3.2.tgz 0ms (cache hit)
213 silly tarball no local data for v8-compile-cache-lib@https://registry.npmjs.org/v8-compile-cache-lib/-/v8-compile-cache-lib-3.0.1.tgz. Extracting by manifest.
214 silly tarball no local data for yn@https://registry.npmjs.org/yn/-/yn-3.1.1.tgz. Extracting by manifest.
215 silly tarball no local data for create-require@https://registry.npmjs.org/create-require/-/create-require-1.1.1.tgz. Extracting by manifest.
216 silly tarball no local data for arg@https://registry.npmjs.org/arg/-/arg-4.1.3.tgz. Extracting by manifest.
217 silly tarball no local data for diff@https://registry.npmjs.org/diff/-/diff-4.0.2.tgz. Extracting by manifest.
218 silly tarball no local data for @tsconfig/node14@https://registry.npmjs.org/@tsconfig/node14/-/node14-1.0.3.tgz. Extracting by manifest.
219 silly tarball no local data for @tsconfig/node12@https://registry.npmjs.org/@tsconfig/node12/-/node12-1.0.11.tgz. Extracting by manifest.
220 silly tarball no local data for @tsconfig/node10@https://registry.npmjs.org/@tsconfig/node10/-/node10-1.0.11.tgz. Extracting by manifest.
221 silly tarball no local data for ts-node@https://registry.npmjs.org/ts-node/-/ts-node-10.9.2.tgz. Extracting by manifest.
222 silly tarball no local data for @cspotcode/source-map-support@https://registry.npmjs.org/@cspotcode/source-map-support/-/source-map-support-0.8.1.tgz. Extracting by manifest.
223 silly tarball no local data for fsevents@https://registry.npmjs.org/fsevents/-/fsevents-2.3.3.tgz. Extracting by manifest.
224 silly tarball no local data for @tybys/wasm-util@https://registry.npmjs.org/@tybys/wasm-util/-/wasm-util-0.10.1.tgz. Extracting by manifest.
225 silly tarball no local data for @napi-rs/wasm-runtime@https://registry.npmjs.org/@napi-rs/wasm-runtime/-/wasm-runtime-0.2.12.tgz. Extracting by manifest.
226 silly tarball no local data for @tsconfig/node16@https://registry.npmjs.org/@tsconfig/node16/-/node16-1.0.4.tgz. Extracting by manifest.
227 silly tarball no local data for @emnapi/wasi-threads@https://registry.npmjs.org/@emnapi/wasi-threads/-/wasi-threads-1.1.0.tgz. Extracting by manifest.
228 silly tarball no local data for @emnapi/core@https://registry.npmjs.org/@emnapi/core/-/core-1.6.0.tgz. Extracting by manifest.
229 silly tarball no local data for @jridgewell/trace-mapping@https://registry.npmjs.org/@jridgewell/trace-mapping/-/trace-mapping-0.3.9.tgz. Extracting by manifest.
230 silly tarball no local data for fsevents@https://registry.npmjs.org/fsevents/-/fsevents-2.3.2.tgz. Extracting by manifest.
231 http fetch GET 200 https://registry.npmjs.org/create-require/-/create-require-1.1.1.tgz 113ms (cache miss)
232 http fetch GET 200 https://registry.npmjs.org/yn/-/yn-3.1.1.tgz 115ms (cache miss)
233 http fetch GET 200 https://registry.npmjs.org/v8-compile-cache-lib/-/v8-compile-cache-lib-3.0.1.tgz 116ms (cache miss)
234 http fetch GET 200 https://registry.npmjs.org/arg/-/arg-4.1.3.tgz 117ms (cache miss)
235 http fetch GET 200 https://registry.npmjs.org/fsevents/-/fsevents-2.3.2.tgz 115ms (cache miss)
236 http fetch GET 200 https://registry.npmjs.org/diff/-/diff-4.0.2.tgz 166ms (cache miss)
237 http fetch GET 200 https://registry.npmjs.org/fsevents/-/fsevents-2.3.3.tgz 164ms (cache miss)
238 http fetch GET 200 https://registry.npmjs.org/ts-node/-/ts-node-10.9.2.tgz 199ms (cache miss)
239 http fetch GET 200 https://registry.npmjs.org/@tsconfig/node12/-/node12-1.0.11.tgz 204ms (cache miss)
240 http fetch GET 200 https://registry.npmjs.org/@tsconfig/node10/-/node10-1.0.11.tgz 230ms (cache miss)
241 http fetch GET 200 https://registry.npmjs.org/@tsconfig/node14/-/node14-1.0.3.tgz 244ms (cache miss)
242 http fetch GET 200 https://registry.npmjs.org/@jridgewell/trace-mapping/-/trace-mapping-0.3.9.tgz 313ms (cache miss)
243 http fetch POST 200 https://registry.npmjs.org/-/npm/v1/security/advisories/bulk 345ms
244 silly audit report {
244 silly audit report   'base-x': [
244 silly audit report     {
244 silly audit report       id: 1104177,
244 silly audit report       url: 'https://github.com/advisories/GHSA-xq7p-g2vc-g82p',
244 silly audit report       title: 'Homograph attack allows Unicode lookalike characters to bypass validation.',
244 silly audit report       severity: 'high',
244 silly audit report       vulnerable_versions: '<=3.0.10',
244 silly audit report       cwe: [Array],
244 silly audit report       cvss: [Object]
244 silly audit report     }
244 silly audit report   ],
244 silly audit report   secp256k1: [
244 silly audit report     {
244 silly audit report       id: 1100206,
244 silly audit report       url: 'https://github.com/advisories/GHSA-584q-6j8j-r5pm',
244 silly audit report       title: 'secp256k1-node allows private key extraction over ECDH',
244 silly audit report       severity: 'high',
244 silly audit report       vulnerable_versions: '=5.0.0',
244 silly audit report       cwe: [Array],
244 silly audit report       cvss: [Object]
244 silly audit report     }
244 silly audit report   ]
244 silly audit report }
245 silly packumentCache corgi:https://registry.npmjs.org/base-x cache-miss
246 silly packumentCache corgi:https://registry.npmjs.org/secp256k1 cache-miss
247 http fetch GET 200 https://registry.npmjs.org/@emnapi/wasi-threads/-/wasi-threads-1.1.0.tgz 339ms (cache miss)
248 http fetch GET 200 https://registry.npmjs.org/@tsconfig/node16/-/node16-1.0.4.tgz 348ms (cache miss)
249 http fetch GET 200 https://registry.npmjs.org/@cspotcode/source-map-support/-/source-map-support-0.8.1.tgz 353ms (cache miss)
250 http fetch GET 200 https://registry.npmjs.org/@tybys/wasm-util/-/wasm-util-0.10.1.tgz 399ms (cache miss)
251 http fetch GET 200 https://registry.npmjs.org/@emnapi/core/-/core-1.6.0.tgz 399ms (cache miss)
252 http fetch GET 200 https://registry.npmjs.org/@napi-rs/wasm-runtime/-/wasm-runtime-0.2.12.tgz 441ms (cache miss)
253 http fetch GET 200 https://registry.npmjs.org/base-x 990ms (cache miss)
254 silly packumentCache corgi:https://registry.npmjs.org/base-x set size:undefined disposed:false
255 http fetch GET 200 https://registry.npmjs.org/secp256k1 998ms (cache miss)
256 silly packumentCache corgi:https://registry.npmjs.org/secp256k1 set size:undefined disposed:false
257 silly packumentCache corgi:https://registry.npmjs.org/bs58 cache-miss
258 http fetch GET 200 https://registry.npmjs.org/bs58 1015ms (cache miss)
259 silly packumentCache corgi:https://registry.npmjs.org/bs58 set size:undefined disposed:false
260 silly packumentCache corgi:https://registry.npmjs.org/@near-js%2fcrypto cache-miss
261 http fetch GET 200 https://registry.npmjs.org/@near-js%2fcrypto 2149ms (cache miss)
262 silly packumentCache corgi:https://registry.npmjs.org/@near-js%2fcrypto set size:undefined disposed:false
263 silly packumentCache corgi:https://registry.npmjs.org/@near-js%2futils cache-miss
264 http fetch GET 200 https://registry.npmjs.org/@near-js%2futils 2121ms (cache miss)
265 silly packumentCache corgi:https://registry.npmjs.org/@near-js%2futils set size:undefined disposed:false
266 silly packumentCache corgi:https://registry.npmjs.org/@near-js%2faccounts cache-miss
267 silly packumentCache corgi:https://registry.npmjs.org/@near-js%2fkeystores cache-miss
268 silly packumentCache corgi:https://registry.npmjs.org/@near-js%2fkeystores-browser cache-miss
269 silly packumentCache corgi:https://registry.npmjs.org/@near-js%2fkeystores-node cache-miss
270 silly packumentCache corgi:https://registry.npmjs.org/@near-js%2fsigners cache-miss
271 silly packumentCache corgi:https://registry.npmjs.org/@near-js%2ftransactions cache-miss
272 silly packumentCache corgi:https://registry.npmjs.org/@near-js%2fwallet-account cache-miss
273 silly packumentCache corgi:https://registry.npmjs.org/near-api-js cache-miss
274 http fetch GET 200 https://registry.npmjs.org/near-api-js 1071ms (cache miss)
275 silly packumentCache corgi:https://registry.npmjs.org/near-api-js set size:undefined disposed:false
276 http fetch GET 200 https://registry.npmjs.org/@near-js%2fkeystores 2177ms (cache miss)
277 silly packumentCache corgi:https://registry.npmjs.org/@near-js%2fkeystores set size:undefined disposed:false
278 http fetch GET 200 https://registry.npmjs.org/@near-js%2faccounts 2230ms (cache miss)
279 silly packumentCache corgi:https://registry.npmjs.org/@near-js%2faccounts set size:undefined disposed:false
280 http fetch GET 200 https://registry.npmjs.org/@near-js%2fwallet-account 2231ms (cache miss)
281 silly packumentCache corgi:https://registry.npmjs.org/@near-js%2fwallet-account set size:undefined disposed:false
282 http fetch GET 200 https://registry.npmjs.org/@near-js%2fkeystores-node 2237ms (cache miss)
283 silly packumentCache corgi:https://registry.npmjs.org/@near-js%2fkeystores-node set size:undefined disposed:false
284 http fetch GET 200 https://registry.npmjs.org/@near-js%2fsigners 2240ms (cache miss)
285 silly packumentCache corgi:https://registry.npmjs.org/@near-js%2fsigners set size:undefined disposed:false
286 http fetch GET 200 https://registry.npmjs.org/@near-js%2ftransactions 2268ms (cache miss)
287 silly packumentCache corgi:https://registry.npmjs.org/@near-js%2ftransactions set size:undefined disposed:false
288 http fetch GET 200 https://registry.npmjs.org/@near-js%2fkeystores-browser 2279ms (cache miss)
289 silly packumentCache corgi:https://registry.npmjs.org/@near-js%2fkeystores-browser set size:undefined disposed:false
290 silly packumentCache corgi:https://registry.npmjs.org/@near-js%2fproviders cache-miss
291 http fetch GET 200 https://registry.npmjs.org/@near-js%2fproviders 2117ms (cache miss)
292 silly packumentCache corgi:https://registry.npmjs.org/@near-js%2fproviders set size:undefined disposed:false
293 silly ADD node_modules/yn
294 silly ADD node_modules/v8-compile-cache-lib
295 silly ADD node_modules/diff
296 silly ADD node_modules/create-require
297 silly ADD node_modules/arg
298 silly ADD node_modules/@tsconfig/node16
299 silly ADD node_modules/@tsconfig/node14
300 silly ADD node_modules/@tsconfig/node12
301 silly ADD node_modules/@tsconfig/node10
302 silly ADD node_modules/@cspotcode/source-map-support
303 silly ADD node_modules/@cspotcode/source-map-support/node_modules/@jridgewell/trace-mapping
304 silly ADD node_modules/ts-node
305 silly ADD node_modules/fsevents
306 silly ADD node_modules/@unrs/resolver-binding-win32-x64-msvc
307 silly ADD node_modules/@unrs/resolver-binding-win32-ia32-msvc
308 silly ADD node_modules/@unrs/resolver-binding-win32-arm64-msvc
309 silly ADD node_modules/@unrs/resolver-binding-wasm32-wasi
310 silly ADD node_modules/@unrs/resolver-binding-linux-x64-musl
311 silly ADD node_modules/@unrs/resolver-binding-linux-x64-gnu
312 silly ADD node_modules/@unrs/resolver-binding-linux-s390x-gnu
313 silly ADD node_modules/@unrs/resolver-binding-linux-riscv64-musl
314 silly ADD node_modules/@unrs/resolver-binding-linux-riscv64-gnu
315 silly ADD node_modules/@unrs/resolver-binding-linux-ppc64-gnu
316 silly ADD node_modules/@unrs/resolver-binding-linux-arm64-musl
317 silly ADD node_modules/@unrs/resolver-binding-linux-arm64-gnu
318 silly ADD node_modules/@unrs/resolver-binding-linux-arm-musleabihf
319 silly ADD node_modules/@unrs/resolver-binding-linux-arm-gnueabihf
320 silly ADD node_modules/@unrs/resolver-binding-freebsd-x64
321 silly ADD node_modules/@unrs/resolver-binding-darwin-arm64
322 silly ADD node_modules/@unrs/resolver-binding-android-arm64
323 silly ADD node_modules/@unrs/resolver-binding-android-arm-eabi
324 silly ADD node_modules/@tybys/wasm-util
325 silly ADD node_modules/@next/swc-win32-x64-msvc
326 silly ADD node_modules/@next/swc-win32-arm64-msvc
327 silly ADD node_modules/@next/swc-linux-x64-musl
328 silly ADD node_modules/@next/swc-linux-x64-gnu
329 silly ADD node_modules/@next/swc-linux-arm64-musl
330 silly ADD node_modules/@next/swc-linux-arm64-gnu
331 silly ADD node_modules/@next/swc-darwin-arm64
332 silly ADD node_modules/@napi-rs/wasm-runtime
333 silly ADD node_modules/@img/sharp-win32-x64
334 silly ADD node_modules/@img/sharp-win32-ia32
335 silly ADD node_modules/@img/sharp-win32-arm64
336 silly ADD node_modules/@img/sharp-wasm32
337 silly ADD node_modules/@img/sharp-linuxmusl-x64
338 silly ADD node_modules/@img/sharp-linuxmusl-arm64
339 silly ADD node_modules/@img/sharp-linux-x64
340 silly ADD node_modules/@img/sharp-linux-s390x
341 silly ADD node_modules/@img/sharp-linux-ppc64
342 silly ADD node_modules/@img/sharp-linux-arm64
343 silly ADD node_modules/@img/sharp-linux-arm
344 silly ADD node_modules/@img/sharp-libvips-linuxmusl-x64
345 silly ADD node_modules/@img/sharp-libvips-linuxmusl-arm64
346 silly ADD node_modules/@img/sharp-libvips-linux-x64
347 silly ADD node_modules/@img/sharp-libvips-linux-s390x
348 silly ADD node_modules/@img/sharp-libvips-linux-ppc64
349 silly ADD node_modules/@img/sharp-libvips-linux-arm64
350 silly ADD node_modules/@img/sharp-libvips-linux-arm
351 silly ADD node_modules/@img/sharp-libvips-darwin-arm64
352 silly ADD node_modules/@img/sharp-darwin-arm64
353 silly ADD node_modules/@emnapi/wasi-threads
354 silly ADD node_modules/@emnapi/core
355 silly ADD node_modules/playwright/node_modules/fsevents
356 verbose cwd /Users/abubakeryounis/Desktop/Projects/omegaterminalupdated/omega-terminal-nextjs
357 verbose os Darwin 25.0.0
358 verbose node v24.1.0
359 verbose npm  v11.3.0
360 notice
360 notice New minor version of npm available! 11.3.0 -> 11.6.2
360 notice Changelog: https://github.com/npm/cli/releases/tag/v11.6.2
360 notice To update run: npm install -g npm@11.6.2
360 notice  { force: true, Symbol(proc-log.meta): true }
361 verbose exit 0
362 info ok
