0 verbose cli /Users/abubakeryounis/.nvm/versions/node/v24.1.0/bin/node /Users/abubakeryounis/.nvm/versions/node/v24.1.0/bin/npm
1 info using npm@11.3.0
2 info using node@v24.1.0
3 silly config load:file:/Users/abubakeryounis/.nvm/versions/node/v24.1.0/lib/node_modules/npm/npmrc
4 silly config load:file:/Users/abubakeryounis/Desktop/Projects/omegaterminalupdated/omega-terminal-nextjs/.npmrc
5 silly config load:file:/Users/abubakeryounis/.npmrc
6 silly config load:file:/Users/abubakeryounis/.nvm/versions/node/v24.1.0/etc/npmrc
7 verbose title npm install
8 verbose argv "install" "--cache" "./.npm-cache"
9 verbose logfile logs-max:10 dir:/Users/abubakeryounis/Desktop/Projects/omegaterminalupdated/omega-terminal-nextjs/.npm-cache/_logs/2025-11-01T20_09_21_569Z-
10 verbose logfile /Users/abubakeryounis/Desktop/Projects/omegaterminalupdated/omega-terminal-nextjs/.npm-cache/_logs/2025-11-01T20_09_21_569Z-debug-0.log
11 silly logfile done cleaning log files
12 silly packumentCache heap:4496293888 maxSize:1124073472 maxEntrySize:562036736
13 silly idealTree buildDeps
14 silly fetch manifest whatwg-fetch@^3.6.20
15 silly packumentCache full:https://registry.npmjs.org/whatwg-fetch cache-miss
16 http fetch GET 200 https://registry.npmjs.org/whatwg-fetch 326ms (cache miss)
17 silly packumentCache full:https://registry.npmjs.org/whatwg-fetch set size:undefined disposed:false
18 silly placeDep ROOT whatwg-fetch@3.6.20 OK for: omega-terminal-nextjs@2.0.1 want: ^3.6.20
19 silly reify moves {}
20 silly audit bulk request {
20 silly audit   '@adobe/css-tools': [ '4.4.4' ],
20 silly audit   '@adraffy/ens-normalize': [ '1.10.1' ],
20 silly audit   '@babel/code-frame': [ '7.27.1' ],
20 silly audit   '@babel/compat-data': [ '7.28.5' ],
20 silly audit   '@babel/core': [ '7.28.5' ],
20 silly audit   json5: [ '2.2.3', '1.0.2' ],
20 silly audit   semver: [ '6.3.1', '7.7.3' ],
20 silly audit   '@babel/generator': [ '7.28.5' ],
20 silly audit   '@babel/helper-compilation-targets': [ '7.27.2' ],
20 silly audit   '@babel/helper-globals': [ '7.28.0' ],
20 silly audit   '@babel/helper-module-imports': [ '7.27.1' ],
20 silly audit   '@babel/helper-module-transforms': [ '7.28.3' ],
20 silly audit   '@babel/helper-plugin-utils': [ '7.27.1' ],
20 silly audit   '@babel/helper-string-parser': [ '7.27.1' ],
20 silly audit   '@babel/helper-validator-identifier': [ '7.28.5' ],
20 silly audit   '@babel/helper-validator-option': [ '7.27.1' ],
20 silly audit   '@babel/helpers': [ '7.28.4' ],
20 silly audit   '@babel/parser': [ '7.28.5' ],
20 silly audit   '@babel/plugin-syntax-async-generators': [ '7.8.4' ],
20 silly audit   '@babel/plugin-syntax-bigint': [ '7.8.3' ],
20 silly audit   '@babel/plugin-syntax-class-properties': [ '7.12.13' ],
20 silly audit   '@babel/plugin-syntax-class-static-block': [ '7.14.5' ],
20 silly audit   '@babel/plugin-syntax-import-attributes': [ '7.27.1' ],
20 silly audit   '@babel/plugin-syntax-import-meta': [ '7.10.4' ],
20 silly audit   '@babel/plugin-syntax-json-strings': [ '7.8.3' ],
20 silly audit   '@babel/plugin-syntax-jsx': [ '7.27.1' ],
20 silly audit   '@babel/plugin-syntax-logical-assignment-operators': [ '7.10.4' ],
20 silly audit   '@babel/plugin-syntax-nullish-coalescing-operator': [ '7.8.3' ],
20 silly audit   '@babel/plugin-syntax-numeric-separator': [ '7.10.4' ],
20 silly audit   '@babel/plugin-syntax-object-rest-spread': [ '7.8.3' ],
20 silly audit   '@babel/plugin-syntax-optional-catch-binding': [ '7.8.3' ],
20 silly audit   '@babel/plugin-syntax-optional-chaining': [ '7.8.3' ],
20 silly audit   '@babel/plugin-syntax-private-property-in-object': [ '7.14.5' ],
20 silly audit   '@babel/plugin-syntax-top-level-await': [ '7.14.5' ],
20 silly audit   '@babel/plugin-syntax-typescript': [ '7.27.1' ],
20 silly audit   '@babel/runtime': [ '7.28.4' ],
20 silly audit   '@babel/template': [ '7.27.2' ],
20 silly audit   '@babel/traverse': [ '7.28.5' ],
20 silly audit   '@babel/types': [ '7.28.5' ],
20 silly audit   '@bcoe/v8-coverage': [ '0.2.3' ],
20 silly audit   '@cspotcode/source-map-support': [ '0.8.1' ],
20 silly audit   '@jridgewell/trace-mapping': [ '0.3.9', '0.3.31' ],
20 silly audit   '@discoveryjs/json-ext': [ '0.5.7' ],
20 silly audit   '@emnapi/core': [ '1.6.0' ],
20 silly audit   '@emnapi/runtime': [ '1.6.0' ],
20 silly audit   '@emnapi/wasi-threads': [ '1.1.0' ],
20 silly audit   '@eslint-community/eslint-utils': [ '4.9.0' ],
20 silly audit   '@eslint-community/regexpp': [ '4.12.2' ],
20 silly audit   '@eslint/eslintrc': [ '2.1.4' ],
20 silly audit   '@eslint/js': [ '8.57.1' ],
20 silly audit   '@faker-js/faker': [ '8.4.1' ],
20 silly audit   '@humanwhocodes/config-array': [ '0.13.0' ],
20 silly audit   '@humanwhocodes/module-importer': [ '1.0.1' ],
20 silly audit   '@humanwhocodes/object-schema': [ '2.0.3' ],
20 silly audit   '@img/colour': [ '1.0.0' ],
20 silly audit   '@img/sharp-darwin-arm64': [ '0.34.4' ],
20 silly audit   '@img/sharp-darwin-x64': [ '0.34.4' ],
20 silly audit   '@img/sharp-libvips-darwin-arm64': [ '1.2.3' ],
20 silly audit   '@img/sharp-libvips-darwin-x64': [ '1.2.3' ],
20 silly audit   '@img/sharp-libvips-linux-arm': [ '1.2.3' ],
20 silly audit   '@img/sharp-libvips-linux-arm64': [ '1.2.3' ],
20 silly audit   '@img/sharp-libvips-linux-ppc64': [ '1.2.3' ],
20 silly audit   '@img/sharp-libvips-linux-s390x': [ '1.2.3' ],
20 silly audit   '@img/sharp-libvips-linux-x64': [ '1.2.3' ],
20 silly audit   '@img/sharp-libvips-linuxmusl-arm64': [ '1.2.3' ],
20 silly audit   '@img/sharp-libvips-linuxmusl-x64': [ '1.2.3' ],
20 silly audit   '@img/sharp-linux-arm': [ '0.34.4' ],
20 silly audit   '@img/sharp-linux-arm64': [ '0.34.4' ],
20 silly audit   '@img/sharp-linux-ppc64': [ '0.34.4' ],
20 silly audit   '@img/sharp-linux-s390x': [ '0.34.4' ],
20 silly audit   '@img/sharp-linux-x64': [ '0.34.4' ],
20 silly audit   '@img/sharp-linuxmusl-arm64': [ '0.34.4' ],
20 silly audit   '@img/sharp-linuxmusl-x64': [ '0.34.4' ],
20 silly audit   '@img/sharp-wasm32': [ '0.34.4' ],
20 silly audit   '@img/sharp-win32-arm64': [ '0.34.4' ],
20 silly audit   '@img/sharp-win32-ia32': [ '0.34.4' ],
20 silly audit   '@img/sharp-win32-x64': [ '0.34.4' ],
20 silly audit   '@inquirer/ansi': [ '1.0.1' ],
20 silly audit   '@inquirer/confirm': [ '5.1.19' ],
20 silly audit   '@inquirer/core': [ '10.3.0' ],
20 silly audit   'signal-exit': [ '4.1.0', '3.0.7' ],
20 silly audit   '@inquirer/figures': [ '1.0.14' ],
20 silly audit   '@inquirer/type': [ '3.0.9' ],
20 silly audit   '@istanbuljs/load-nyc-config': [ '1.1.0' ],
20 silly audit   argparse: [ '1.0.10', '2.0.1' ],
20 silly audit   'find-up': [ '4.1.0', '5.0.0' ],
20 silly audit   'js-yaml': [ '3.14.1', '4.1.0' ],
20 silly audit   'locate-path': [ '5.0.0', '6.0.0' ],
20 silly audit   'p-limit': [ '2.3.0', '3.1.0' ],
20 silly audit   'p-locate': [ '4.1.0', '5.0.0' ],
20 silly audit   'resolve-from': [ '5.0.0', '4.0.0' ],
20 silly audit   '@istanbuljs/schema': [ '0.1.3' ],
20 silly audit   '@jest/console': [ '29.7.0' ],
20 silly audit   '@jest/core': [ '29.7.0' ],
20 silly audit   'ansi-styles': [ '5.2.0', '4.3.0' ],
20 silly audit   'jest-config': [ '29.7.0' ],
20 silly audit   'pretty-format': [ '29.7.0', '27.5.1' ],
20 silly audit   'react-is': [ '18.3.1', '17.0.2', '16.13.1' ],
20 silly audit   '@jest/environment': [ '29.7.0' ],
20 silly audit   '@jest/expect': [ '29.7.0' ],
20 silly audit   '@jest/expect-utils': [ '29.7.0' ],
20 silly audit   '@jest/fake-timers': [ '29.7.0' ],
20 silly audit   '@jest/globals': [ '29.7.0' ],
20 silly audit   '@jest/reporters': [ '29.7.0' ],
20 silly audit   '@jest/schemas': [ '29.6.3' ],
20 silly audit   '@jest/source-map': [ '29.6.3' ],
20 silly audit   '@jest/test-result': [ '29.7.0' ],
20 silly audit   '@jest/test-sequencer': [ '29.7.0' ],
20 silly audit   '@jest/transform': [ '29.7.0' ],
20 silly audit   '@jest/types': [ '29.6.3' ],
20 silly audit   '@jridgewell/gen-mapping': [ '0.3.13' ],
20 silly audit   '@jridgewell/remapping': [ '2.3.5' ],
20 silly audit   '@jridgewell/resolve-uri': [ '3.1.2' ],
20 silly audit   '@jridgewell/sourcemap-codec': [ '1.5.5' ],
20 silly audit   '@mswjs/interceptors': [ '0.40.0' ],
20 silly audit   '@napi-rs/wasm-runtime': [ '0.2.12' ],
20 silly audit   '@near-js/accounts': [ '1.2.2' ],
20 silly audit   borsh: [ '1.0.0', '0.7.0' ],
20 silly audit   '@near-js/crypto': [ '1.3.0' ],
20 silly audit   '@near-js/keystores': [ '0.1.0' ],
20 silly audit   '@near-js/keystores-browser': [ '0.1.0' ],
20 silly audit   '@near-js/keystores-node': [ '0.0.13' ],
20 silly audit   '@near-js/providers': [ '0.2.3' ],
20 silly audit   'node-fetch': [ '2.6.7', '2.7.0' ],
20 silly audit   '@near-js/signers': [ '0.1.5' ],
20 silly audit   '@noble/hashes': [ '1.3.3', '1.3.2', '1.8.0' ],
20 silly audit   '@near-js/transactions': [ '1.2.3' ],
20 silly audit   '@near-js/types': [ '0.2.1' ],
20 silly audit   '@near-js/utils': [ '0.3.0' ],
20 silly audit   'base-x': [ '2.0.6', '3.0.11', '4.0.1' ],
20 silly audit   bs58: [ '4.0.0', '4.0.1', '5.0.0' ],
20 silly audit   '@near-js/wallet-account': [ '1.2.3' ],
20 silly audit   '@next/bundle-analyzer': [ '15.5.6' ],
20 silly audit   '@next/env': [ '15.5.6' ],
20 silly audit   '@next/eslint-plugin-next': [ '15.5.6' ],
20 silly audit   '@next/swc-darwin-arm64': [ '15.5.6' ],
20 silly audit   '@next/swc-darwin-x64': [ '15.5.6' ],
20 silly audit   '@next/swc-linux-arm64-gnu': [ '15.5.6' ],
20 silly audit   '@next/swc-linux-arm64-musl': [ '15.5.6' ],
20 silly audit   '@next/swc-linux-x64-gnu': [ '15.5.6' ],
20 silly audit   '@next/swc-linux-x64-musl': [ '15.5.6' ],
20 silly audit   '@next/swc-win32-arm64-msvc': [ '15.5.6' ],
20 silly audit   '@next/swc-win32-x64-msvc': [ '15.5.6' ],
20 silly audit   '@noble/curves': [ '1.2.0', '1.9.7' ],
20 silly audit   '@nodelib/fs.scandir': [ '2.1.5' ],
20 silly audit   '@nodelib/fs.stat': [ '2.0.5' ],
20 silly audit   '@nodelib/fs.walk': [ '1.2.8' ],
20 silly audit   '@nolyfill/is-core-module': [ '1.0.39' ],
20 silly audit   '@open-draft/deferred-promise': [ '2.2.0' ],
20 silly audit   '@open-draft/logger': [ '0.3.0' ],
20 silly audit   '@open-draft/until': [ '2.1.0' ],
20 silly audit   '@playwright/test': [ '1.56.1' ],
20 silly audit   '@polka/url': [ '1.0.0-next.29' ],
20 silly audit   '@rtsao/scc': [ '1.1.0' ],
20 silly audit   '@rushstack/eslint-patch': [ '1.14.1' ],
20 silly audit   '@sinclair/typebox': [ '0.27.8' ],
20 silly audit   '@sinonjs/commons': [ '3.0.1' ],
20 silly audit   '@sinonjs/fake-timers': [ '10.3.0' ],
20 silly audit   '@solana/buffer-layout': [ '4.0.1' ],
20 silly audit   '@solana/codecs-core': [ '2.3.0' ],
20 silly audit   '@solana/codecs-numbers': [ '2.3.0' ],
20 silly audit   '@solana/errors': [ '2.3.0' ],
20 silly audit   chalk: [ '5.6.2', '4.1.2' ],
20 silly audit   '@solana/web3.js': [ '1.98.4' ],
20 silly audit   '@swc/helpers': [ '0.5.15' ],
20 silly audit   tslib: [ '2.8.1', '2.7.0' ],
20 silly audit   '@testing-library/dom': [ '10.4.1', '9.3.4' ],
20 silly audit   'aria-query': [ '5.3.0', '5.1.3', '5.3.2' ],
20 silly audit   '@testing-library/jest-dom': [ '6.9.1' ],
20 silly audit   'dom-accessibility-api': [ '0.6.3', '0.5.16' ],
20 silly audit   '@testing-library/react': [ '14.3.1' ],
20 silly audit   '@testing-library/user-event': [ '14.6.1' ],
20 silly audit   '@tootallnate/once': [ '2.0.0' ],
20 silly audit   '@tsconfig/node10': [ '1.0.11' ],
20 silly audit   '@tsconfig/node12': [ '1.0.11' ],
20 silly audit   '@tsconfig/node14': [ '1.0.3' ],
20 silly audit   '@tsconfig/node16': [ '1.0.4' ],
20 silly audit   '@tybys/wasm-util': [ '0.10.1' ],
20 silly audit   '@types/aria-query': [ '5.0.4' ],
20 silly audit   '@types/babel__core': [ '7.20.5' ],
20 silly audit   '@types/babel__generator': [ '7.27.0' ],
20 silly audit   '@types/babel__template': [ '7.4.4' ],
20 silly audit   '@types/babel__traverse': [ '7.28.0' ],
20 silly audit   '@types/better-sqlite3': [ '7.6.13' ],
20 silly audit   '@types/connect': [ '3.4.38' ],
20 silly audit   '@types/graceful-fs': [ '4.1.9' ],
20 silly audit   '@types/istanbul-lib-coverage': [ '2.0.6' ],
20 silly audit   '@types/istanbul-lib-report': [ '3.0.3' ],
20 silly audit   '@types/istanbul-reports': [ '3.0.4' ],
20 silly audit   '@types/jest': [ '29.5.14' ],
20 silly audit   '@types/jsdom': [ '20.0.1' ],
20 silly audit   '@types/json-schema': [ '7.0.15' ],
20 silly audit   '@types/json5': [ '0.0.29' ],
20 silly audit   '@types/node': [ '22.18.12', '22.7.5', '12.20.55' ],
20 silly audit   '@types/prop-types': [ '15.7.15' ],
20 silly audit   '@types/react': [ '18.3.26' ],
20 silly audit   '@types/react-dom': [ '18.3.7' ],
20 silly audit   '@types/stack-utils': [ '2.0.3' ],
20 silly audit   '@types/statuses': [ '2.0.6' ],
20 silly audit   '@types/tough-cookie': [ '4.0.5' ],
20 silly audit   '@types/uuid': [ '8.3.4' ],
20 silly audit   '@types/ws': [ '7.4.7', '8.18.1' ],
20 silly audit   '@types/yargs': [ '17.0.34' ],
20 silly audit   '@types/yargs-parser': [ '21.0.3' ],
20 silly audit   '@typescript-eslint/eslint-plugin': [ '8.46.2' ],
20 silly audit   ignore: [ '7.0.5', '5.3.2' ],
20 silly audit   '@typescript-eslint/parser': [ '8.46.2' ],
20 silly audit   '@typescript-eslint/project-service': [ '8.46.2' ],
20 silly audit   '@typescript-eslint/scope-manager': [ '8.46.2' ],
20 silly audit   '@typescript-eslint/tsconfig-utils': [ '8.46.2' ],
20 silly audit   '@typescript-eslint/type-utils': [ '8.46.2' ],
20 silly audit   '@typescript-eslint/types': [ '8.46.2' ],
20 silly audit   '@typescript-eslint/typescript-estree': [ '8.46.2' ],
20 silly audit   'brace-expansion': [ '2.0.2', '1.1.12' ],
20 silly audit   'fast-glob': [ '3.3.3', '3.3.1' ],
20 silly audit   'glob-parent': [ '5.1.2', '6.0.2' ],
20 silly audit   minimatch: [ '9.0.5', '3.1.2' ],
20 silly audit   '@typescript-eslint/utils': [ '8.46.2' ],
20 silly audit   '@typescript-eslint/visitor-keys': [ '8.46.2' ],
20 silly audit   'eslint-visitor-keys': [ '4.2.1', '3.4.3' ],
20 silly audit   '@ungap/structured-clone': [ '1.3.0' ],
20 silly audit   '@unrs/resolver-binding-android-arm-eabi': [ '1.11.1' ],
20 silly audit   '@unrs/resolver-binding-android-arm64': [ '1.11.1' ],
20 silly audit   '@unrs/resolver-binding-darwin-arm64': [ '1.11.1' ],
20 silly audit   '@unrs/resolver-binding-darwin-x64': [ '1.11.1' ],
20 silly audit   '@unrs/resolver-binding-freebsd-x64': [ '1.11.1' ],
20 silly audit   '@unrs/resolver-binding-linux-arm-gnueabihf': [ '1.11.1' ],
20 silly audit   '@unrs/resolver-binding-linux-arm-musleabihf': [ '1.11.1' ],
20 silly audit   '@unrs/resolver-binding-linux-arm64-gnu': [ '1.11.1' ],
20 silly audit   '@unrs/resolver-binding-linux-arm64-musl': [ '1.11.1' ],
20 silly audit   '@unrs/resolver-binding-linux-ppc64-gnu': [ '1.11.1' ],
20 silly audit   '@unrs/resolver-binding-linux-riscv64-gnu': [ '1.11.1' ],
20 silly audit   '@unrs/resolver-binding-linux-riscv64-musl': [ '1.11.1' ],
20 silly audit   '@unrs/resolver-binding-linux-s390x-gnu': [ '1.11.1' ],
20 silly audit   '@unrs/resolver-binding-linux-x64-gnu': [ '1.11.1' ],
20 silly audit   '@unrs/resolver-binding-linux-x64-musl': [ '1.11.1' ],
20 silly audit   '@unrs/resolver-binding-wasm32-wasi': [ '1.11.1' ],
20 silly audit   '@unrs/resolver-binding-win32-arm64-msvc': [ '1.11.1' ],
20 silly audit   '@unrs/resolver-binding-win32-ia32-msvc': [ '1.11.1' ],
20 silly audit   '@unrs/resolver-binding-win32-x64-msvc': [ '1.11.1' ],
20 silly audit   '@upstash/core-analytics': [ '0.0.10' ],
20 silly audit   '@upstash/ratelimit': [ '2.0.6' ],
20 silly audit   '@upstash/redis': [ '1.35.6' ],
20 silly audit   abab: [ '2.0.6' ],
20 silly audit   acorn: [ '8.15.0' ],
20 silly audit   'acorn-globals': [ '7.0.1' ],
20 silly audit   'acorn-jsx': [ '5.3.2' ],
20 silly audit   'acorn-walk': [ '8.3.4' ],
20 silly audit   'aes-js': [ '4.0.0-beta.5' ],
20 silly audit   'agent-base': [ '6.0.2' ],
20 silly audit   agentkeepalive: [ '4.6.0' ],
20 silly audit   ajv: [ '6.12.6' ],
20 silly audit   'ansi-escapes': [ '4.3.2' ],
20 silly audit   'type-fest': [ '0.21.3', '4.41.0', '0.20.2' ],
20 silly audit   'ansi-regex': [ '5.0.1' ],
20 silly audit   anymatch: [ '3.1.3' ],
20 silly audit   arg: [ '4.1.3' ],
20 silly audit   'array-buffer-byte-length': [ '1.0.2' ],
20 silly audit   'array-includes': [ '3.1.9' ],
20 silly audit   'array.prototype.findlast': [ '1.2.5' ],
20 silly audit   'array.prototype.findlastindex': [ '1.2.6' ],
20 silly audit   'array.prototype.flat': [ '1.3.3' ],
20 silly audit   'array.prototype.flatmap': [ '1.3.3' ],
20 silly audit   'array.prototype.tosorted': [ '1.1.4' ],
20 silly audit   'arraybuffer.prototype.slice': [ '1.0.4' ],
20 silly audit   'ast-types-flow': [ '0.0.8' ],
20 silly audit   'async-function': [ '1.0.0' ],
20 silly audit   asynckit: [ '0.4.0' ],
20 silly audit   'available-typed-arrays': [ '1.0.7' ],
20 silly audit   'axe-core': [ '4.11.0' ],
20 silly audit   'axobject-query': [ '4.1.0' ],
20 silly audit   'babel-jest': [ '29.7.0' ],
20 silly audit   'babel-plugin-istanbul': [ '6.1.1' ],
20 silly audit   'istanbul-lib-instrument': [ '5.2.1', '6.0.3' ],
20 silly audit   'babel-plugin-jest-hoist': [ '29.6.3' ],
20 silly audit   'babel-preset-current-node-syntax': [ '1.2.0' ],
20 silly audit   'babel-preset-jest': [ '29.6.3' ],
20 silly audit   'balanced-match': [ '1.0.2' ],
20 silly audit   'base64-js': [ '1.5.1' ],
20 silly audit   'baseline-browser-mapping': [ '2.8.22' ],
20 silly audit   'better-sqlite3': [ '11.10.0' ],
20 silly audit   bindings: [ '1.5.0' ],
20 silly audit   bl: [ '4.1.0' ],
20 silly audit   buffer: [ '5.7.1', '6.0.3' ],
20 silly audit   'bn.js': [ '5.2.2', '4.12.2' ],
20 silly audit   braces: [ '3.0.3' ],
20 silly audit   brorand: [ '1.1.0' ],
20 silly audit   browserslist: [ '4.27.0' ],
20 silly audit   'bs-logger': [ '0.2.6' ],
20 silly audit   bser: [ '2.1.1' ],
20 silly audit   'buffer-from': [ '1.1.2' ],
20 silly audit   bufferutil: [ '4.0.9' ],
20 silly audit   'call-bind': [ '1.0.8' ],
20 silly audit   'call-bind-apply-helpers': [ '1.0.2' ],
20 silly audit   'call-bound': [ '1.0.4' ],
20 silly audit   callsites: [ '3.1.0' ],
20 silly audit   camelcase: [ '5.3.1', '6.3.0' ],
20 silly audit   'caniuse-lite': [ '1.0.30001751' ],
20 silly audit   'char-regex': [ '1.0.2' ],
20 silly audit   chownr: [ '1.1.4' ],
20 silly audit   'ci-info': [ '3.9.0' ],
20 silly audit   'cjs-module-lexer': [ '1.4.3' ],
20 silly audit   'cli-width': [ '4.1.0' ],
20 silly audit   'client-only': [ '0.0.1' ],
20 silly audit   cliui: [ '8.0.1' ],
20 silly audit   'wrap-ansi': [ '7.0.0', '6.2.0' ],
20 silly audit   co: [ '4.6.0' ],
20 silly audit   'collect-v8-coverage': [ '1.0.3' ],
20 silly audit   'color-convert': [ '2.0.1' ],
20 silly audit   'color-name': [ '1.1.4' ],
20 silly audit   'combined-stream': [ '1.0.8' ],
20 silly audit   commander: [ '14.0.2', '2.20.3', '7.2.0' ],
20 silly audit   'concat-map': [ '0.0.1' ],
20 silly audit   'convert-source-map': [ '2.0.0' ],
20 silly audit   cookie: [ '1.0.2' ],
20 silly audit   'create-jest': [ '29.7.0' ],
20 silly audit   'create-require': [ '1.1.1' ],
20 silly audit   'cross-spawn': [ '7.0.6' ],
20 silly audit   'css.escape': [ '1.5.1' ],
20 silly audit   cssom: [ '0.5.0', '0.3.8' ],
20 silly audit   cssstyle: [ '2.3.0' ],
20 silly audit   csstype: [ '3.1.3' ],
20 silly audit   'damerau-levenshtein': [ '1.0.8' ],
20 silly audit   'data-urls': [ '3.0.2' ],
20 silly audit   tr46: [ '3.0.0', '0.0.3' ],
20 silly audit   'webidl-conversions': [ '7.0.0', '3.0.1' ],
20 silly audit   'whatwg-url': [ '11.0.0', '5.0.0' ],
20 silly audit   'data-view-buffer': [ '1.0.2' ],
20 silly audit   'data-view-byte-length': [ '1.0.2' ],
20 silly audit   'data-view-byte-offset': [ '1.0.1' ],
20 silly audit   debounce: [ '1.2.1' ],
20 silly audit   debug: [ '4.4.3', '3.2.7' ],
20 silly audit   'decimal.js': [ '10.6.0' ],
20 silly audit   'decompress-response': [ '6.0.0' ],
20 silly audit   dedent: [ '1.7.0' ],
20 silly audit   'deep-equal': [ '2.2.3' ],
20 silly audit   'deep-extend': [ '0.6.0' ],
20 silly audit   'deep-is': [ '0.1.4' ],
20 silly audit   deepmerge: [ '4.3.1' ],
20 silly audit   'define-data-property': [ '1.1.4' ],
20 silly audit   'define-properties': [ '1.2.1' ],
20 silly audit   delay: [ '5.0.0' ],
20 silly audit   'delayed-stream': [ '1.0.0' ],
20 silly audit   depd: [ '2.0.0', '1.1.2' ],
20 silly audit   dequal: [ '2.0.3' ],
20 silly audit   'detect-libc': [ '2.1.2' ],
20 silly audit   'detect-newline': [ '3.1.0' ],
20 silly audit   diff: [ '4.0.2' ],
20 silly audit   'diff-sequences': [ '29.6.3' ],
20 silly audit   doctrine: [ '3.0.0', '2.1.0' ],
20 silly audit   domexception: [ '4.0.0' ],
20 silly audit   'dunder-proto': [ '1.0.1' ],
20 silly audit   duplexer: [ '0.1.2' ],
20 silly audit   'electron-to-chromium': [ '1.5.244' ],
20 silly audit   elliptic: [ '6.6.1' ],
20 silly audit   emittery: [ '0.13.1' ],
20 silly audit   'emoji-regex': [ '9.2.2', '8.0.0' ],
20 silly audit   'end-of-stream': [ '1.4.5' ],
20 silly audit   entities: [ '6.0.1' ],
20 silly audit   'error-ex': [ '1.3.4' ],
20 silly audit   'es-abstract': [ '1.24.0' ],
20 silly audit   'es-define-property': [ '1.0.1' ],
20 silly audit   'es-errors': [ '1.3.0' ],
20 silly audit   'es-get-iterator': [ '1.1.3' ],
20 silly audit   'es-iterator-helpers': [ '1.2.1' ],
20 silly audit   'es-object-atoms': [ '1.1.1' ],
20 silly audit   'es-set-tostringtag': [ '2.1.0' ],
20 silly audit   'es-shim-unscopables': [ '1.1.0' ],
20 silly audit   'es-to-primitive': [ '1.3.0' ],
20 silly audit   'es6-promise': [ '4.2.8' ],
20 silly audit   'es6-promisify': [ '5.0.0' ],
20 silly audit   escalade: [ '3.2.0' ],
20 silly audit   'escape-string-regexp': [ '4.0.0', '2.0.0' ],
20 silly audit   escodegen: [ '2.1.0' ],
20 silly audit   eslint: [ '8.57.1' ],
20 silly audit   'eslint-config-next': [ '15.5.6' ],
20 silly audit   'eslint-import-resolver-node': [ '0.3.9' ],
20 silly audit   'eslint-import-resolver-typescript': [ '3.10.1' ],
20 silly audit   'eslint-module-utils': [ '2.12.1' ],
20 silly audit   'eslint-plugin-import': [ '2.32.0' ],
20 silly audit   'eslint-plugin-jsx-a11y': [ '6.10.2' ],
20 silly audit   'eslint-plugin-react': [ '7.37.5' ],
20 silly audit   'eslint-plugin-react-hooks': [ '5.2.0' ],
20 silly audit   resolve: [ '2.0.0-next.5', '1.22.11' ],
20 silly audit   'eslint-scope': [ '7.2.2' ],
20 silly audit   espree: [ '9.6.1' ],
20 silly audit   esprima: [ '4.0.1' ],
20 silly audit   esquery: [ '1.6.0' ],
20 silly audit   esrecurse: [ '4.3.0' ],
20 silly audit   estraverse: [ '5.3.0' ],
20 silly audit   esutils: [ '2.0.3' ],
20 silly audit   ethers: [ '6.15.0' ],
20 silly audit   'undici-types': [ '6.19.8', '6.21.0' ],
20 silly audit   eventemitter3: [ '5.0.1' ],
20 silly audit   execa: [ '5.1.1' ],
20 silly audit   exit: [ '0.1.2' ],
20 silly audit   'expand-template': [ '2.0.3' ],
20 silly audit   expect: [ '29.7.0' ],
20 silly audit   eyes: [ '0.1.8' ],
20 silly audit   'fast-deep-equal': [ '3.1.3' ],
20 silly audit   'fast-json-stable-stringify': [ '2.1.0' ],
20 silly audit   'fast-levenshtein': [ '2.0.6' ],
20 silly audit   'fast-stable-stringify': [ '1.0.0' ],
20 silly audit   fastq: [ '1.19.1' ],
20 silly audit   'fb-watchman': [ '2.0.2' ],
20 silly audit   'file-entry-cache': [ '6.0.1' ],
20 silly audit   'file-uri-to-path': [ '1.0.0' ],
20 silly audit   'fill-range': [ '7.1.1' ],
20 silly audit   'flat-cache': [ '3.2.0' ],
20 silly audit   flatted: [ '3.3.3' ],
20 silly audit   'for-each': [ '0.3.5' ],
20 silly audit   'form-data': [ '4.0.4' ],
20 silly audit   'fs-constants': [ '1.0.0' ],
20 silly audit   'fs.realpath': [ '1.0.0' ],
20 silly audit   fsevents: [ '2.3.3', '2.3.2' ],
20 silly audit   'function-bind': [ '1.1.2' ],
20 silly audit   'function.prototype.name': [ '1.1.8' ],
20 silly audit   'functions-have-names': [ '1.2.3' ],
20 silly audit   'generate-function': [ '2.3.1' ],
20 silly audit   'generate-object-property': [ '1.2.0' ],
20 silly audit   'generator-function': [ '2.0.1' ],
20 silly audit   gensync: [ '1.0.0-beta.2' ],
20 silly audit   'get-caller-file': [ '2.0.5' ],
20 silly audit   'get-intrinsic': [ '1.3.0' ],
20 silly audit   'get-package-type': [ '0.1.0' ],
20 silly audit   'get-proto': [ '1.0.1' ],
20 silly audit   'get-stream': [ '6.0.1' ],
20 silly audit   'get-symbol-description': [ '1.1.0' ],
20 silly audit   'get-tsconfig': [ '4.13.0' ],
20 silly audit   'github-from-package': [ '0.0.0' ],
20 silly audit   glob: [ '7.2.3' ],
20 silly audit   globals: [ '13.24.0' ],
20 silly audit   globalthis: [ '1.0.4' ],
20 silly audit   gopd: [ '1.2.0' ],
20 silly audit   'graceful-fs': [ '4.2.11' ],
20 silly audit   graphemer: [ '1.4.0' ],
20 silly audit   graphql: [ '16.11.0' ],
20 silly audit   'gzip-size': [ '6.0.0' ],
20 silly audit   handlebars: [ '4.7.8' ],
20 silly audit   'has-bigints': [ '1.1.0' ],
20 silly audit   'has-flag': [ '4.0.0' ],
20 silly audit   'has-property-descriptors': [ '1.0.2' ],
20 silly audit   'has-proto': [ '1.2.0' ],
20 silly audit   'has-symbols': [ '1.1.0' ],
20 silly audit   'has-tostringtag': [ '1.0.2' ],
20 silly audit   'hash.js': [ '1.1.7' ],
20 silly audit   hasown: [ '2.0.2' ],
20 silly audit   'headers-polyfill': [ '4.0.3' ],
20 silly audit   'hmac-drbg': [ '1.0.1' ],
20 silly audit   'html-encoding-sniffer': [ '3.0.0' ],
20 silly audit   'html-escaper': [ '2.0.2' ],
20 silly audit   'http-errors': [ '1.7.2' ],
20 silly audit   inherits: [ '2.0.3', '2.0.4' ],
20 silly audit   'http-proxy-agent': [ '5.0.0' ],
20 silly audit   'https-proxy-agent': [ '5.0.1' ],
20 silly audit   'human-signals': [ '2.1.0' ],
20 silly audit   'humanize-ms': [ '1.2.1' ],
20 silly audit   'iconv-lite': [ '0.6.3' ],
20 silly audit   ieee754: [ '1.2.1' ],
20 silly audit   'import-fresh': [ '3.3.1' ],
20 silly audit   'import-local': [ '3.2.0' ],
20 silly audit   imurmurhash: [ '0.1.4' ],
20 silly audit   'indent-string': [ '4.0.0' ],
20 silly audit   inflight: [ '1.0.6' ],
20 silly audit   ini: [ '1.3.8' ],
20 silly audit   'internal-slot': [ '1.1.0' ],
20 silly audit   'is-arguments': [ '1.2.0' ],
20 silly audit   'is-array-buffer': [ '3.0.5' ],
20 silly audit   'is-arrayish': [ '0.2.1' ],
20 silly audit   'is-async-function': [ '2.1.1' ],
20 silly audit   'is-bigint': [ '1.1.0' ],
20 silly audit   'is-boolean-object': [ '1.2.2' ],
20 silly audit   'is-bun-module': [ '2.0.0' ],
20 silly audit   'is-callable': [ '1.2.7' ],
20 silly audit   'is-core-module': [ '2.16.1' ],
20 silly audit   'is-data-view': [ '1.0.2' ],
20 silly audit   'is-date-object': [ '1.1.0' ],
20 silly audit   'is-extglob': [ '2.1.1' ],
20 silly audit   'is-finalizationregistry': [ '1.1.1' ],
20 silly audit   'is-fullwidth-code-point': [ '3.0.0' ],
20 silly audit   'is-generator-fn': [ '2.1.0' ],
20 silly audit   'is-generator-function': [ '1.1.2' ],
20 silly audit   'is-glob': [ '4.0.3' ],
20 silly audit   'is-map': [ '2.0.3' ],
20 silly audit   'is-my-ip-valid': [ '1.0.1' ],
20 silly audit   'is-my-json-valid': [ '2.20.6' ],
20 silly audit   'is-negative-zero': [ '2.0.3' ],
20 silly audit   'is-node-process': [ '1.2.0' ],
20 silly audit   'is-number': [ '7.0.0' ],
20 silly audit   'is-number-object': [ '1.1.1' ],
20 silly audit   'is-path-inside': [ '3.0.3' ],
20 silly audit   'is-plain-object': [ '5.0.0' ],
20 silly audit   'is-potential-custom-element-name': [ '1.0.1' ],
20 silly audit   'is-property': [ '1.0.2' ],
20 silly audit   'is-regex': [ '1.2.1' ],
20 silly audit   'is-set': [ '2.0.3' ],
20 silly audit   'is-shared-array-buffer': [ '1.0.4' ],
20 silly audit   'is-stream': [ '2.0.1' ],
20 silly audit   'is-string': [ '1.1.1' ],
20 silly audit   'is-symbol': [ '1.1.1' ],
20 silly audit   'is-typed-array': [ '1.1.15' ],
20 silly audit   'is-weakmap': [ '2.0.2' ],
20 silly audit   'is-weakref': [ '1.1.1' ],
20 silly audit   'is-weakset': [ '2.0.4' ],
20 silly audit   isarray: [ '2.0.5' ],
20 silly audit   isexe: [ '2.0.0' ],
20 silly audit   'isomorphic-ws': [ '4.0.1' ],
20 silly audit   'istanbul-lib-coverage': [ '3.2.2' ],
20 silly audit   'istanbul-lib-report': [ '3.0.1' ],
20 silly audit   'istanbul-lib-source-maps': [ '4.0.1' ],
20 silly audit   'istanbul-reports': [ '3.2.0' ],
20 silly audit   'iterator.prototype': [ '1.1.5' ],
20 silly audit   jayson: [ '4.2.0' ],
20 silly audit   ws: [ '7.5.10', '8.17.1' ],
20 silly audit   jest: [ '29.7.0' ],
20 silly audit   'jest-changed-files': [ '29.7.0' ],
20 silly audit   'jest-circus': [ '29.7.0' ],
20 silly audit   'jest-cli': [ '29.7.0' ],
20 silly audit   'jest-diff': [ '29.7.0' ],
20 silly audit   'jest-docblock': [ '29.7.0' ],
20 silly audit   'jest-each': [ '29.7.0' ],
20 silly audit   'jest-environment-jsdom': [ '29.7.0' ],
20 silly audit   'jest-environment-node': [ '29.7.0' ],
20 silly audit   'jest-get-type': [ '29.6.3' ],
20 silly audit   'jest-haste-map': [ '29.7.0' ],
20 silly audit   'jest-leak-detector': [ '29.7.0' ],
20 silly audit   'jest-matcher-utils': [ '29.7.0' ],
20 silly audit   'jest-message-util': [ '29.7.0' ],
20 silly audit   'jest-mock': [ '29.7.0' ],
20 silly audit   'jest-pnp-resolver': [ '1.2.3' ],
20 silly audit   'jest-regex-util': [ '29.6.3' ],
20 silly audit   'jest-resolve': [ '29.7.0' ],
20 silly audit   'jest-resolve-dependencies': [ '29.7.0' ],
20 silly audit   'jest-runner': [ '29.7.0' ],
20 silly audit   'jest-runtime': [ '29.7.0' ],
20 silly audit   'strip-bom': [ '4.0.0', '3.0.0' ],
20 silly audit   'jest-snapshot': [ '29.7.0' ],
20 silly audit   'jest-util': [ '29.7.0' ],
20 silly audit   'jest-validate': [ '29.7.0' ],
20 silly audit   'jest-watcher': [ '29.7.0' ],
20 silly audit   'jest-worker': [ '29.7.0' ],
20 silly audit   'supports-color': [ '8.1.1', '7.2.0' ],
20 silly audit   'js-tokens': [ '4.0.0' ],
20 silly audit   jsdom: [ '20.0.3' ],
20 silly audit   jsesc: [ '3.1.0' ],
20 silly audit   'json-buffer': [ '3.0.1' ],
20 silly audit   'json-parse-even-better-errors': [ '2.3.1' ],
20 silly audit   'json-schema-traverse': [ '0.4.1' ],
20 silly audit   'json-stable-stringify-without-jsonify': [ '1.0.1' ],
20 silly audit   'json-stringify-safe': [ '5.0.1' ],
20 silly audit   jsonpointer: [ '5.0.1' ],
20 silly audit   'jsx-ast-utils': [ '3.3.5' ],
20 silly audit   keyv: [ '4.5.4' ],
20 silly audit   kleur: [ '3.0.3' ],
20 silly audit   'language-subtag-registry': [ '0.3.23' ],
20 silly audit   'language-tags': [ '1.0.9' ],
20 silly audit   leven: [ '3.1.0' ],
20 silly audit   levn: [ '0.4.1' ],
20 silly audit   'lines-and-columns': [ '1.2.4' ],
20 silly audit   'lodash.memoize': [ '4.1.2' ],
20 silly audit   'lodash.merge': [ '4.6.2' ],
20 silly audit   'loose-envify': [ '1.4.0' ],
20 silly audit   lru_map: [ '0.4.1' ],
20 silly audit   'lru-cache': [ '5.1.1' ],
20 silly audit   'lz-string': [ '1.5.0' ],
20 silly audit   'make-dir': [ '4.0.0' ],
20 silly audit   'make-error': [ '1.3.6' ],
20 silly audit   makeerror: [ '1.0.12' ],
20 silly audit   'math-intrinsics': [ '1.1.0' ],
20 silly audit   'merge-stream': [ '2.0.0' ],
20 silly audit   merge2: [ '1.4.1' ],
20 silly audit   micromatch: [ '4.0.8' ],
20 silly audit   'mime-db': [ '1.52.0' ],
20 silly audit   'mime-types': [ '2.1.35' ],
20 silly audit   'mimic-fn': [ '2.1.0' ],
20 silly audit   'mimic-response': [ '3.1.0' ],
20 silly audit   'min-indent': [ '1.0.1' ],
20 silly audit   'minimalistic-assert': [ '1.0.1' ],
20 silly audit   'minimalistic-crypto-utils': [ '1.0.1' ],
20 silly audit   minimist: [ '1.2.8' ],
20 silly audit   'mkdirp-classic': [ '0.5.3' ],
20 silly audit   mrmime: [ '2.0.1' ],
20 silly audit   ms: [ '2.1.3' ],
20 silly audit   msw: [ '2.11.6' ],
20 silly audit   statuses: [ '2.0.2', '1.5.0' ],
20 silly audit   'tough-cookie': [ '6.0.0', '4.1.4' ],
20 silly audit   mustache: [ '4.0.0' ],
20 silly audit   'mute-stream': [ '2.0.0' ],
20 silly audit   nanoid: [ '3.3.11' ],
20 silly audit   'napi-build-utils': [ '2.0.0' ],
20 silly audit   'napi-postinstall': [ '0.3.4' ],
20 silly audit   'natural-compare': [ '1.4.0' ],
20 silly audit   'near-abi': [ '0.1.1' ],
20 silly audit   'near-api-js': [ '4.0.4' ],
20 silly audit   'neo-async': [ '2.6.2' ],
20 silly audit   next: [ '15.5.6' ],
20 silly audit   'node-abi': [ '3.80.0' ],
20 silly audit   'node-addon-api': [ '5.1.0' ],
20 silly audit   'node-gyp-build': [ '4.8.4' ],
20 silly audit   'node-int64': [ '0.4.0' ],
20 silly audit   'node-releases': [ '2.0.27' ],
20 silly audit   'normalize-path': [ '3.0.0' ],
20 silly audit   'npm-run-path': [ '4.0.1' ],
20 silly audit   nwsapi: [ '2.2.22' ],
20 silly audit   'object-assign': [ '4.1.1' ],
20 silly audit   'object-inspect': [ '1.13.4' ],
20 silly audit   'object-is': [ '1.1.6' ],
20 silly audit   'object-keys': [ '1.1.1' ],
20 silly audit   'object.assign': [ '4.1.7' ],
20 silly audit   'object.entries': [ '1.1.9' ],
20 silly audit   'object.fromentries': [ '2.0.8' ],
20 silly audit   'object.groupby': [ '1.0.3' ],
20 silly audit   'object.values': [ '1.2.1' ],
20 silly audit   once: [ '1.4.0' ],
20 silly audit   onetime: [ '5.1.2' ],
20 silly audit   opener: [ '1.5.2' ],
20 silly audit   optionator: [ '0.9.4' ],
20 silly audit   outvariant: [ '1.4.3' ],
20 silly audit   'own-keys': [ '1.0.1' ],
20 silly audit   'p-try': [ '2.2.0' ],
20 silly audit   'parent-module': [ '1.0.1' ],
20 silly audit   'parse-json': [ '5.2.0' ],
20 silly audit   parse5: [ '7.3.0' ],
20 silly audit   'path-exists': [ '4.0.0' ],
20 silly audit   'path-is-absolute': [ '1.0.1' ],
20 silly audit   'path-key': [ '3.1.1' ],
20 silly audit   'path-parse': [ '1.0.7' ],
20 silly audit   'path-to-regexp': [ '6.3.0' ],
20 silly audit   picocolors: [ '1.1.1' ],
20 silly audit   picomatch: [ '2.3.1', '4.0.3' ],
20 silly audit   pirates: [ '4.0.7' ],
20 silly audit   'pkg-dir': [ '4.2.0' ],
20 silly audit   playwright: [ '1.56.1' ],
20 silly audit   'playwright-core': [ '1.56.1' ],
20 silly audit   'possible-typed-array-names': [ '1.1.0' ],
20 silly audit   postcss: [ '8.4.31' ],
20 silly audit   'prebuild-install': [ '7.1.3' ],
20 silly audit   'prelude-ls': [ '1.2.1' ],
20 silly audit   prompts: [ '2.4.2' ],
20 silly audit   'prop-types': [ '15.8.1' ],
20 silly audit   psl: [ '1.15.0' ],
20 silly audit   pump: [ '3.0.3' ],
20 silly audit   punycode: [ '2.3.1' ],
20 silly audit   'pure-rand': [ '6.1.0' ],
20 silly audit   querystringify: [ '2.2.0' ],
20 silly audit   'queue-microtask': [ '1.2.3' ],
20 silly audit   randombytes: [ '2.1.0' ],
20 silly audit   rc: [ '1.2.8' ],
20 silly audit   'strip-json-comments': [ '2.0.1', '3.1.1' ],
20 silly audit   react: [ '18.3.1' ],
20 silly audit   'react-dom': [ '18.3.1' ],
20 silly audit   'readable-stream': [ '3.6.2' ],
20 silly audit   redent: [ '3.0.0' ],
20 silly audit   'reflect.getprototypeof': [ '1.0.10' ],
20 silly audit   'regexp.prototype.flags': [ '1.5.4' ],
20 silly audit   'require-directory': [ '2.1.1' ],
20 silly audit   'requires-port': [ '1.0.0' ],
20 silly audit   'resolve-cwd': [ '3.0.0' ],
20 silly audit   'resolve-pkg-maps': [ '1.0.0' ],
20 silly audit   'resolve.exports': [ '2.0.3' ],
20 silly audit   rettime: [ '0.7.0' ],
20 silly audit   reusify: [ '1.1.0' ],
20 silly audit   rimraf: [ '3.0.2' ],
20 silly audit   'rpc-websockets': [ '9.2.0' ],
20 silly audit   'run-parallel': [ '1.2.0' ],
20 silly audit   'safe-array-concat': [ '1.1.3' ],
20 silly audit   'safe-buffer': [ '5.2.1' ],
20 silly audit   'safe-push-apply': [ '1.0.0' ],
20 silly audit   'safe-regex-test': [ '1.1.0' ],
20 silly audit   'safer-buffer': [ '2.1.2' ],
20 silly audit   saxes: [ '6.0.0' ],
20 silly audit   scheduler: [ '0.23.2' ],
20 silly audit   secp256k1: [ '5.0.0' ],
20 silly audit   'set-function-length': [ '1.2.2' ],
20 silly audit   'set-function-name': [ '2.0.2' ],
20 silly audit   'set-proto': [ '1.0.0' ],
20 silly audit   setprototypeof: [ '1.1.1' ],
20 silly audit   sharp: [ '0.34.4' ],
20 silly audit   'shebang-command': [ '2.0.0' ],
20 silly audit   'shebang-regex': [ '3.0.0' ],
20 silly audit   'side-channel': [ '1.1.0' ],
20 silly audit   'side-channel-list': [ '1.0.0' ],
20 silly audit   'side-channel-map': [ '1.0.1' ],
20 silly audit   'side-channel-weakmap': [ '1.0.2' ],
20 silly audit   'simple-concat': [ '1.0.1' ],
20 silly audit   'simple-get': [ '4.0.1' ],
20 silly audit   sirv: [ '2.0.4' ],
20 silly audit   sisteransi: [ '1.0.5' ],
20 silly audit   slash: [ '3.0.0' ],
20 silly audit   'source-map': [ '0.6.1' ],
20 silly audit   'source-map-js': [ '1.2.1' ],
20 silly audit   'source-map-support': [ '0.5.13' ],
20 silly audit   'sprintf-js': [ '1.0.3' ],
20 silly audit   'stable-hash': [ '0.0.5' ],
20 silly audit   'stack-utils': [ '2.0.6' ],
20 silly audit   'stop-iteration-iterator': [ '1.1.0' ],
20 silly audit   'stream-chain': [ '2.2.5' ],
20 silly audit   'stream-json': [ '1.9.1' ],
20 silly audit   'strict-event-emitter': [ '0.5.1' ],
20 silly audit   string_decoder: [ '1.3.0' ],
20 silly audit   'string-length': [ '4.0.2' ],
20 silly audit   'string-width': [ '4.2.3' ],
20 silly audit   'string.prototype.includes': [ '2.0.1' ],
20 silly audit   'string.prototype.matchall': [ '4.0.12' ],
20 silly audit   'string.prototype.repeat': [ '1.0.0' ],
20 silly audit   'string.prototype.trim': [ '1.2.10' ],
20 silly audit   'string.prototype.trimend': [ '1.0.9' ],
20 silly audit   'string.prototype.trimstart': [ '1.0.8' ],
20 silly audit   'strip-ansi': [ '6.0.1' ],
20 silly audit   'strip-final-newline': [ '2.0.0' ],
20 silly audit   'strip-indent': [ '3.0.0' ],
20 silly audit   'styled-jsx': [ '5.1.6' ],
20 silly audit   superstruct: [ '2.0.2' ],
20 silly audit   'supports-preserve-symlinks-flag': [ '1.0.0' ],
20 silly audit   'symbol-tree': [ '3.2.4' ],
20 silly audit   'tar-fs': [ '2.1.4' ],
20 silly audit   'tar-stream': [ '2.2.0' ],
20 silly audit   'test-exclude': [ '6.0.0' ],
20 silly audit   'text-encoding-utf-8': [ '1.0.2' ],
20 silly audit   'text-table': [ '0.2.0' ],
20 silly audit   tinyglobby: [ '0.2.15' ],
20 silly audit   fdir: [ '6.5.0' ],
20 silly audit   tldts: [ '7.0.17' ],
20 silly audit   'tldts-core': [ '7.0.17' ],
20 silly audit   tmpl: [ '1.0.5' ],
20 silly audit   'to-regex-range': [ '5.0.1' ],
20 silly audit   toidentifier: [ '1.0.0' ],
20 silly audit   totalist: [ '3.0.1' ],
20 silly audit   'ts-api-utils': [ '2.1.0' ],
20 silly audit   'ts-jest': [ '29.4.5' ],
20 silly audit   'ts-node': [ '10.9.2' ],
20 silly audit   'tsconfig-paths': [ '3.15.0' ],
20 silly audit   'tunnel-agent': [ '0.6.0' ],
20 silly audit   'type-check': [ '0.4.0' ],
20 silly audit   'type-detect': [ '4.0.8' ],
20 silly audit   'typed-array-buffer': [ '1.0.3' ],
20 silly audit   'typed-array-byte-length': [ '1.0.3' ],
20 silly audit   'typed-array-byte-offset': [ '1.0.4' ],
20 silly audit   'typed-array-length': [ '1.0.7' ],
20 silly audit   typescript: [ '5.9.3' ],
20 silly audit   'uglify-js': [ '3.19.3' ],
20 silly audit   'unbox-primitive': [ '1.1.0' ],
20 silly audit   uncrypto: [ '0.1.3' ],
20 silly audit   universalify: [ '0.2.0' ],
20 silly audit   'unrs-resolver': [ '1.11.1' ],
20 silly audit   'until-async': [ '3.0.2' ],
20 silly audit   'update-browserslist-db': [ '1.1.4' ],
20 silly audit   'uri-js': [ '4.4.1' ],
20 silly audit   'url-parse': [ '1.5.10' ],
20 silly audit   'utf-8-validate': [ '5.0.10' ],
20 silly audit   'util-deprecate': [ '1.0.2' ],
20 silly audit   uuid: [ '8.3.2' ],
20 silly audit   'v8-compile-cache-lib': [ '3.0.1' ],
20 silly audit   'v8-to-istanbul': [ '9.3.0' ],
20 silly audit   'w3c-xmlserializer': [ '4.0.0' ],
20 silly audit   walker: [ '1.0.8' ],
20 silly audit   'webpack-bundle-analyzer': [ '4.10.1' ],
20 silly audit   'whatwg-encoding': [ '2.0.0' ],
20 silly audit   'whatwg-mimetype': [ '3.0.0' ],
20 silly audit   which: [ '2.0.2' ],
20 silly audit   'which-boxed-primitive': [ '1.1.1' ],
20 silly audit   'which-builtin-type': [ '1.2.1' ],
20 silly audit   'which-collection': [ '1.0.2' ],
20 silly audit   'which-typed-array': [ '1.1.19' ],
20 silly audit   'word-wrap': [ '1.2.5' ],
20 silly audit   wordwrap: [ '1.0.0' ],
20 silly audit   wrappy: [ '1.0.2' ],
20 silly audit   'write-file-atomic': [ '4.0.2' ],
20 silly audit   'xml-name-validator': [ '4.0.0' ],
20 silly audit   xmlchars: [ '2.2.0' ],
20 silly audit   xtend: [ '4.0.2' ],
20 silly audit   y18n: [ '5.0.8' ],
20 silly audit   yallist: [ '3.1.1' ],
20 silly audit   yargs: [ '17.7.2' ],
20 silly audit   'yargs-parser': [ '21.1.1' ],
20 silly audit   yn: [ '3.1.1' ],
20 silly audit   'yocto-queue': [ '0.1.0' ],
20 silly audit   'yoctocolors-cjs': [ '2.1.3' ],
20 silly audit   zod: [ '3.25.76' ],
20 silly audit   'whatwg-fetch': [ '3.6.20' ]
20 silly audit }
21 http cache whatwg-fetch@https://registry.npmjs.org/whatwg-fetch/-/whatwg-fetch-3.6.20.tgz 0ms (cache hit)
22 silly tarball no local data for whatwg-fetch@https://registry.npmjs.org/whatwg-fetch/-/whatwg-fetch-3.6.20.tgz. Extracting by manifest.
23 http fetch GET 200 https://registry.npmjs.org/whatwg-fetch/-/whatwg-fetch-3.6.20.tgz 118ms (cache miss)
24 http fetch POST 200 https://registry.npmjs.org/-/npm/v1/security/advisories/bulk 364ms
25 silly audit report {
25 silly audit report   'base-x': [
25 silly audit report     {
25 silly audit report       id: 1104177,
25 silly audit report       url: 'https://github.com/advisories/GHSA-xq7p-g2vc-g82p',
25 silly audit report       title: 'Homograph attack allows Unicode lookalike characters to bypass validation.',
25 silly audit report       severity: 'high',
25 silly audit report       vulnerable_versions: '<=3.0.10',
25 silly audit report       cwe: [Array],
25 silly audit report       cvss: [Object]
25 silly audit report     }
25 silly audit report   ],
25 silly audit report   secp256k1: [
25 silly audit report     {
25 silly audit report       id: 1100206,
25 silly audit report       url: 'https://github.com/advisories/GHSA-584q-6j8j-r5pm',
25 silly audit report       title: 'secp256k1-node allows private key extraction over ECDH',
25 silly audit report       severity: 'high',
25 silly audit report       vulnerable_versions: '=5.0.0',
25 silly audit report       cwe: [Array],
25 silly audit report       cvss: [Object]
25 silly audit report     }
25 silly audit report   ]
25 silly audit report }
26 silly packumentCache corgi:https://registry.npmjs.org/base-x cache-miss
27 silly packumentCache corgi:https://registry.npmjs.org/secp256k1 cache-miss
28 http cache https://registry.npmjs.org/secp256k1 158ms (cache hit)
29 silly packumentCache corgi:https://registry.npmjs.org/secp256k1 set size:65099 disposed:false
30 http cache https://registry.npmjs.org/base-x 160ms (cache hit)
31 silly packumentCache corgi:https://registry.npmjs.org/base-x set size:22747 disposed:false
32 silly packumentCache corgi:https://registry.npmjs.org/bs58 cache-miss
33 http cache https://registry.npmjs.org/bs58 3ms (cache hit)
34 silly packumentCache corgi:https://registry.npmjs.org/bs58 set size:9960 disposed:false
35 silly packumentCache corgi:https://registry.npmjs.org/@near-js%2fcrypto cache-miss
36 http cache https://registry.npmjs.org/@near-js%2fcrypto 4ms (cache hit)
37 silly packumentCache corgi:https://registry.npmjs.org/@near-js%2fcrypto set size:46733 disposed:false
38 silly packumentCache corgi:https://registry.npmjs.org/@near-js%2futils cache-miss
39 http cache https://registry.npmjs.org/@near-js%2futils 3ms (cache hit)
40 silly packumentCache corgi:https://registry.npmjs.org/@near-js%2futils set size:40911 disposed:false
41 silly packumentCache corgi:https://registry.npmjs.org/@near-js%2faccounts cache-miss
42 silly packumentCache corgi:https://registry.npmjs.org/@near-js%2fkeystores cache-miss
43 silly packumentCache corgi:https://registry.npmjs.org/@near-js%2fkeystores-browser cache-miss
44 silly packumentCache corgi:https://registry.npmjs.org/@near-js%2fkeystores-node cache-miss
45 silly packumentCache corgi:https://registry.npmjs.org/@near-js%2fsigners cache-miss
46 silly packumentCache corgi:https://registry.npmjs.org/@near-js%2ftransactions cache-miss
47 silly packumentCache corgi:https://registry.npmjs.org/@near-js%2fwallet-account cache-miss
48 silly packumentCache corgi:https://registry.npmjs.org/near-api-js cache-miss
49 http cache https://registry.npmjs.org/@near-js%2fkeystores-browser 12ms (cache hit)
50 silly packumentCache corgi:https://registry.npmjs.org/@near-js%2fkeystores-browser set size:43682 disposed:false
51 http cache https://registry.npmjs.org/@near-js%2fsigners 12ms (cache hit)
52 silly packumentCache corgi:https://registry.npmjs.org/@near-js%2fsigners set size:45184 disposed:false
53 http cache https://registry.npmjs.org/@near-js%2fwallet-account 12ms (cache hit)
54 silly packumentCache corgi:https://registry.npmjs.org/@near-js%2fwallet-account set size:41576 disposed:false
55 http cache https://registry.npmjs.org/@near-js%2faccounts 15ms (cache hit)
56 silly packumentCache corgi:https://registry.npmjs.org/@near-js%2faccounts set size:71254 disposed:false
57 http cache https://registry.npmjs.org/@near-js%2fkeystores-node 14ms (cache hit)
58 silly packumentCache corgi:https://registry.npmjs.org/@near-js%2fkeystores-node set size:44171 disposed:false
59 http cache https://registry.npmjs.org/@near-js%2fkeystores 16ms (cache hit)
60 silly packumentCache corgi:https://registry.npmjs.org/@near-js%2fkeystores set size:42594 disposed:false
61 http cache https://registry.npmjs.org/near-api-js 15ms (cache hit)
62 silly packumentCache corgi:https://registry.npmjs.org/near-api-js set size:165560 disposed:false
63 http cache https://registry.npmjs.org/@near-js%2ftransactions 18ms (cache hit)
64 silly packumentCache corgi:https://registry.npmjs.org/@near-js%2ftransactions set size:53110 disposed:false
65 silly packumentCache corgi:https://registry.npmjs.org/@near-js%2fproviders cache-miss
66 http cache https://registry.npmjs.org/@near-js%2fproviders 5ms (cache hit)
67 silly packumentCache corgi:https://registry.npmjs.org/@near-js%2fproviders set size:57851 disposed:false
68 silly ADD node_modules/whatwg-fetch
69 verbose cwd /Users/abubakeryounis/Desktop/Projects/omegaterminalupdated/omega-terminal-nextjs
70 verbose os Darwin 25.0.0
71 verbose node v24.1.0
72 verbose npm  v11.3.0
73 verbose exit 0
74 info ok
